Component: ARM Compiler 5.06 update 1 (build 61) Tool: armlink [4d35a8]

==============================================================================

Section Cross References

    startup_stm32f10x_md.o(RESET) refers to startup_stm32f10x_md.o(STACK) for __initial_sp
    startup_stm32f10x_md.o(RESET) refers to startup_stm32f10x_md.o(.text) for Reset_Handler
    startup_stm32f10x_md.o(RESET) refers to stm32f10x_it.o(i.NMI_Handler) for NMI_Handler
    startup_stm32f10x_md.o(RESET) refers to stm32f10x_it.o(i.HardFault_Handler) for HardFault_Handler
    startup_stm32f10x_md.o(RESET) refers to stm32f10x_it.o(i.MemManage_Handler) for MemManage_Handler
    startup_stm32f10x_md.o(RESET) refers to stm32f10x_it.o(i.BusFault_Handler) for BusFault_Handler
    startup_stm32f10x_md.o(RESET) refers to stm32f10x_it.o(i.UsageFault_Handler) for UsageFault_Handler
    startup_stm32f10x_md.o(RESET) refers to stm32f10x_it.o(i.SVC_Handler) for SVC_Handler
    startup_stm32f10x_md.o(RESET) refers to stm32f10x_it.o(i.DebugMon_Handler) for DebugMon_Handler
    startup_stm32f10x_md.o(RESET) refers to stm32f10x_it.o(i.PendSV_Handler) for PendSV_Handler
    startup_stm32f10x_md.o(RESET) refers to stm32f10x_it.o(i.SysTick_Handler) for SysTick_Handler
    startup_stm32f10x_md.o(RESET) refers to vl53l0x_it.o(i.EXTI4_IRQHandler) for EXTI4_IRQHandler
    startup_stm32f10x_md.o(RESET) refers to systime.o(i.TIM3_IRQHandler) for TIM3_IRQHandler
    startup_stm32f10x_md.o(RESET) refers to usart.o(i.USART1_IRQHandler) for USART1_IRQHandler
    startup_stm32f10x_md.o(RESET) refers to usart1.o(i.USART3_IRQHandler) for USART3_IRQHandler
    startup_stm32f10x_md.o(.text) refers to system_stm32f10x.o(i.SystemInit) for SystemInit
    startup_stm32f10x_md.o(.text) refers to entry.o(.ARM.Collect$$$$00000000) for __main
    system_stm32f10x.o(i.SetSysClock) refers to system_stm32f10x.o(i.SetSysClockTo72) for SetSysClockTo72
    system_stm32f10x.o(i.SystemCoreClockUpdate) refers to system_stm32f10x.o(.data) for SystemCoreClock
    system_stm32f10x.o(i.SystemInit) refers to system_stm32f10x.o(i.SetSysClock) for SetSysClock
    stm32f10x_adc.o(i.ADC_DeInit) refers to stm32f10x_rcc.o(i.RCC_APB2PeriphResetCmd) for RCC_APB2PeriphResetCmd
    stm32f10x_bkp.o(i.BKP_DeInit) refers to stm32f10x_rcc.o(i.RCC_BackupResetCmd) for RCC_BackupResetCmd
    stm32f10x_can.o(i.CAN_DeInit) refers to stm32f10x_rcc.o(i.RCC_APB1PeriphResetCmd) for RCC_APB1PeriphResetCmd
    stm32f10x_can.o(i.CAN_GetITStatus) refers to stm32f10x_can.o(i.CheckITStatus) for CheckITStatus
    stm32f10x_cec.o(i.CEC_DeInit) refers to stm32f10x_rcc.o(i.RCC_APB1PeriphResetCmd) for RCC_APB1PeriphResetCmd
    stm32f10x_dac.o(i.DAC_DeInit) refers to stm32f10x_rcc.o(i.RCC_APB1PeriphResetCmd) for RCC_APB1PeriphResetCmd
    stm32f10x_flash.o(i.FLASH_EnableWriteProtection) refers to stm32f10x_flash.o(i.FLASH_WaitForLastOperation) for FLASH_WaitForLastOperation
    stm32f10x_flash.o(i.FLASH_EraseAllBank1Pages) refers to stm32f10x_flash.o(i.FLASH_WaitForLastBank1Operation) for FLASH_WaitForLastBank1Operation
    stm32f10x_flash.o(i.FLASH_EraseAllPages) refers to stm32f10x_flash.o(i.FLASH_WaitForLastOperation) for FLASH_WaitForLastOperation
    stm32f10x_flash.o(i.FLASH_EraseOptionBytes) refers to stm32f10x_flash.o(i.FLASH_GetReadOutProtectionStatus) for FLASH_GetReadOutProtectionStatus
    stm32f10x_flash.o(i.FLASH_EraseOptionBytes) refers to stm32f10x_flash.o(i.FLASH_WaitForLastOperation) for FLASH_WaitForLastOperation
    stm32f10x_flash.o(i.FLASH_ErasePage) refers to stm32f10x_flash.o(i.FLASH_WaitForLastOperation) for FLASH_WaitForLastOperation
    stm32f10x_flash.o(i.FLASH_ProgramHalfWord) refers to stm32f10x_flash.o(i.FLASH_WaitForLastOperation) for FLASH_WaitForLastOperation
    stm32f10x_flash.o(i.FLASH_ProgramOptionByteData) refers to stm32f10x_flash.o(i.FLASH_WaitForLastOperation) for FLASH_WaitForLastOperation
    stm32f10x_flash.o(i.FLASH_ProgramWord) refers to stm32f10x_flash.o(i.FLASH_WaitForLastOperation) for FLASH_WaitForLastOperation
    stm32f10x_flash.o(i.FLASH_ReadOutProtection) refers to stm32f10x_flash.o(i.FLASH_WaitForLastOperation) for FLASH_WaitForLastOperation
    stm32f10x_flash.o(i.FLASH_UserOptionByteConfig) refers to stm32f10x_flash.o(i.FLASH_WaitForLastOperation) for FLASH_WaitForLastOperation
    stm32f10x_flash.o(i.FLASH_WaitForLastBank1Operation) refers to stm32f10x_flash.o(i.FLASH_GetBank1Status) for FLASH_GetBank1Status
    stm32f10x_flash.o(i.FLASH_WaitForLastOperation) refers to stm32f10x_flash.o(i.FLASH_GetBank1Status) for FLASH_GetBank1Status
    stm32f10x_gpio.o(i.GPIO_AFIODeInit) refers to stm32f10x_rcc.o(i.RCC_APB2PeriphResetCmd) for RCC_APB2PeriphResetCmd
    stm32f10x_gpio.o(i.GPIO_DeInit) refers to stm32f10x_rcc.o(i.RCC_APB2PeriphResetCmd) for RCC_APB2PeriphResetCmd
    stm32f10x_i2c.o(i.I2C_DeInit) refers to stm32f10x_rcc.o(i.RCC_APB1PeriphResetCmd) for RCC_APB1PeriphResetCmd
[...]
    TIM1_BRK_IRQHandler                      0x0800011b   Thumb Code     0  startup_stm32f10x_md.o(.text)
    TIM1_CC_IRQHandler                       0x0800011b   Thumb Code     0  startup_stm32f10x_md.o(.text)
    TIM1_TRG_COM_IRQHandler                  0x0800011b   Thumb Code     0  startup_stm32f10x_md.o(.text)
    TIM1_UP_IRQHandler                       0x0800011b   Thumb Code     0  startup_stm32f10x_md.o(.text)
    TIM2_IRQHandler                          0x0800011b   Thumb Code     0  startup_stm32f10x_md.o(.text)
    TIM4_IRQHandler                          0x0800011b   Thumb Code     0  startup_stm32f10x_md.o(.text)
    USART2_IRQHandler                        0x0800011b   Thumb Code     0  startup_stm32f10x_md.o(.text)
    USBWakeUp_IRQHandler                     0x0800011b   Thumb Code     0  startup_stm32f10x_md.o(.text)
    USB_HP_CAN1_TX_IRQHandler                0x0800011b   Thumb Code     0  startup_stm32f10x_md.o(.text)
    USB_LP_CAN1_RX0_IRQHandler               0x0800011b   Thumb Code     0  startup_stm32f10x_md.o(.text)
    WWDG_IRQHandler                          0x0800011b   Thumb Code     0  startup_stm32f10x_md.o(.text)
    __aeabi_ldivmod                          0x08000125   Thumb Code    98  ldiv.o(.text)
    __aeabi_memcpy                           0x08000187   Thumb Code    36  memcpya.o(.text)
    __aeabi_memcpy4                          0x08000187   Thumb Code     0  memcpya.o(.text)
    __aeabi_memcpy8                          0x08000187   Thumb Code     0  memcpya.o(.text)
    __aeabi_memset                           0x080001ab   Thumb Code    14  memseta.o(.text)
    __aeabi_memset4                          0x080001ab   Thumb Code     0  memseta.o(.text)
    __aeabi_memset8                          0x080001ab   Thumb Code     0  memseta.o(.text)
    __aeabi_memclr                           0x080001b9   Thumb Code     4  memseta.o(.text)
    __aeabi_memclr4                          0x080001b9   Thumb Code     0  memseta.o(.text)
    __aeabi_memclr8                          0x080001b9   Thumb Code     0  memseta.o(.text)
    _memset$wrapper                          0x080001bd   Thumb Code    18  memseta.o(.text)
    memcmp                                   0x080001cf   Thumb Code    26  memcmp.o(.text)
    strcpy                                   0x080001e9   Thumb Code    18  strcpy.o(.text)
    __aeabi_fadd                             0x080001fb   Thumb Code   164  fadd.o(.text)
    __aeabi_fsub                             0x0800029f   Thumb Code     6  fadd.o(.text)
    __aeabi_frsub                            0x080002a5   Thumb Code     6  fadd.o(.text)
    __aeabi_fmul                             0x080002ab   Thumb Code   100  fmul.o(.text)
    __aeabi_fdiv                             0x0800030f   Thumb Code   124  fdiv.o(.text)
    __aeabi_dadd                             0x0800038b   Thumb Code   322  dadd.o(.text)
    __aeabi_dsub                             0x080004cd   Thumb Code     6  dadd.o(.text)
    __aeabi_drsub                            0x080004d3   Thumb Code     6  dadd.o(.text)
    __aeabi_dmul                             0x080004d9   Thumb Code   228  dmul.o(.text)
    __aeabi_ddiv                             0x080005bd   Thumb Code   222  ddiv.o(.text)
    __aeabi_i2f                              0x0800069b   Thumb Code    18  fflti.o(.text)
    __aeabi_ui2f                             0x080006ad   Thumb Code    10  ffltui.o(.text)
    __aeabi_i2d                              0x080006b7   Thumb Code    34  dflti.o(.text)
    __aeabi_ui2d                             0x080006d9   Thumb Code    26  dfltui.o(.text)
    __aeabi_f2iz                             0x080006f3   Thumb Code    50  ffixi.o(.text)
    __aeabi_f2uiz                            0x08000725   Thumb Code    40  ffixui.o(.text)
    __aeabi_d2iz                             0x0800074d   Thumb Code    62  dfixi.o(.text)
    __aeabi_f2d                              0x0800078b   Thumb Code    38  f2d.o(.text)
    __aeabi_cdcmpeq                          0x080007b1   Thumb Code     0  cdcmple.o(.text)
    __aeabi_cdcmple                          0x080007b1   Thumb Code    48  cdcmple.o(.text)
    __aeabi_cdrcmple                         0x080007e1   Thumb Code    48  cdrcmple.o(.text)
    __aeabi_d2f                              0x08000811   Thumb Code    56  d2f.o(.text)
    __aeabi_cfcmpeq                          0x08000849   Thumb Code     0  cfcmple.o(.text)
    __aeabi_cfcmple                          0x08000849   Thumb Code    20  cfcmple.o(.text)
    __aeabi_cfrcmple                         0x0800085d   Thumb Code    20  cfrcmple.o(.text)
    __aeabi_uldivmod                         0x08000871   Thumb Code    98  uldiv.o(.text)
    __aeabi_llsl                             0x080008d3   Thumb Code    30  llshl.o(.text)
    _ll_shift_l                              0x080008d3   Thumb Code     0  llshl.o(.text)
    __aeabi_llsr                             0x080008f1   Thumb Code    32  llushr.o(.text)
    _ll_ushift_r                             0x080008f1   Thumb Code     0  llushr.o(.text)
    __aeabi_lasr                             0x08000911   Thumb Code    36  llsshr.o(.text)
    _ll_sshift_r                             0x08000911   Thumb Code     0  llsshr.o(.text)
    __I$use$fp                               0x08000935   Thumb Code     0  iusefp.o(.text)
    _float_round                             0x08000935   Thumb Code    18  fepilogue.o(.text)
    _float_epilogue                          0x08000947   Thumb Code    92  fepilogue.o(.text)
    _double_round                            0x080009a3   Thumb Code    30  depilogue.o(.text)
    _double_epilogue                         0x080009c1   Thumb Code   156  depilogue.o(.text)
    __ARM_scalbn                             0x08000a5d   Thumb Code    46  dscalb.o(.text)
    scalbn                                   0x08000a5d   Thumb Code     0  dscalb.o(.text)
    __scatterload                            0x08000a8d   Thumb Code    28  init.o(.text)
    __scatterload_rt2                        0x08000a8d   Thumb Code     0  init.o(.text)
    _dsqrt                                   0x08000ab1   Thumb Code   162  dsqrt.o(.text)
    __decompress                             0x08000b53   Thumb Code     0  __dczerorl2.o(.text)
    __decompress1                            0x08000b53   Thumb Code    86  __dczerorl2.o(.text)
    BusFault_Handler                         0x08000ba9   Thumb Code     4  stm32f10x_it.o(i.BusFault_Handler)
    Check_Medicine                           0x08000bad   Thumb Code    24  pwm.o(i.Check_Medicine)
    Check_Medicine_Init                      0x08000bc5   Thumb Code    30  pwm.o(i.Check_Medicine_Init)
    Config                                   0x08000be9   Thumb Code   356  loop.o(i.Config)
    DebugMon_Handler                         0x08000ee1   Thumb Code     2  stm32f10x_it.o(i.DebugMon_Handler)
    EXTI4_IRQHandler                         0x080011fd   Thumb Code    16  vl53l0x_it.o(i.EXTI4_IRQHandler)
    EXTI_ClearITPendingBit                   0x08001211   Thumb Code     6  stm32f10x_exti.o(i.EXTI_ClearITPendingBit)
    GPIO_Init                                0x0800121d   Thumb Code   278  stm32f10x_gpio.o(i.GPIO_Init)
    GPIO_ReadInputDataBit                    0x08001333   Thumb Code    18  stm32f10x_gpio.o(i.GPIO_ReadInputDataBit)
    GPIO_ResetBits                           0x08001345   Thumb Code     4  stm32f10x_gpio.o(i.GPIO_ResetBits)
    GPIO_SetBits                             0x08001349   Thumb Code     4  stm32f10x_gpio.o(i.GPIO_SetBits)
    HardFault_Handler                        0x0800134d   Thumb Code     4  stm32f10x_it.o(i.HardFault_Handler)
    Led_Config                               0x08001351   Thumb Code    92  led.o(i.Led_Config)
    Loop_Run                                 0x080013b1   Thumb Code   256  loop.o(i.Loop_Run)
    MPU_Config                               0x080014cd   Thumb Code    88  mpu_i2c.o(i.MPU_Config)
    MPU_IIC_Ack                              0x08001529   Thumb Code    80  mpu_i2c.o(i.MPU_IIC_Ack)
    MPU_IIC_NAck                             0x08001589   Thumb Code    80  mpu_i2c.o(i.MPU_IIC_NAck)
    MPU_IIC_ReadByte                         0x080015dd   Thumb Code   126  mpu_i2c.o(i.MPU_IIC_ReadByte)
    MPU_IIC_SendByte                         0x08001661   Thumb Code   138  mpu_i2c.o(i.MPU_IIC_SendByte)
    MPU_IIC_Start                            0x080016f1   Thumb Code    84  mpu_i2c.o(i.MPU_IIC_Start)
    MPU_IIC_Stop                             0x08001749   Thumb Code    80  mpu_i2c.o(i.MPU_IIC_Stop)
    MPU_IIC_WaitAck                          0x0800179d   Thumb Code    94  mpu_i2c.o(i.MPU_IIC_WaitAck)
    MPU_Init                                 0x08001801   Thumb Code   122  mpu6050.o(i.MPU_Init)
    MPU_Read_Byte                            0x0800187b   Thumb Code    58  mpu_i2c.o(i.MPU_Read_Byte)
    MPU_Read_Len                             0x080018b5   Thumb Code   116  mpu_i2c.o(i.MPU_Read_Len)
    MPU_Set_Accel_Fsr                        0x08001929   Thumb Code    16  mpu6050.o(i.MPU_Set_Accel_Fsr)
    MPU_Set_Gyro_Fsr                         0x08001939   Thumb Code    16  mpu6050.o(i.MPU_Set_Gyro_Fsr)
    MPU_Set_LPF                              0x08001949   Thumb Code    58  mpu6050.o(i.MPU_Set_LPF)
    MPU_Set_Rate                             0x08001983   Thumb Code    58  mpu6050.o(i.MPU_Set_Rate)
    MPU_Write_Byte                           0x080019bd   Thumb Code    68  mpu_i2c.o(i.MPU_Write_Byte)
    MPU_Write_Len                            0x08001a01   Thumb Code    96  mpu_i2c.o(i.MPU_Write_Len)
    MemManage_Handler                        0x08001a61   Thumb Code     4  stm32f10x_it.o(i.MemManage_Handler)
    Motor_Init                               0x08001a65   Thumb Code    64  pwm.o(i.Motor_Init)
    NMI_Handler                              0x08001ab1   Thumb Code     2  stm32f10x_it.o(i.NMI_Handler)
    NVIC_Init                                0x08001ab5   Thumb Code   100  misc.o(i.NVIC_Init)
    OLED_Clear                               0x08001b25   Thumb Code    62  oled.o(i.OLED_Clear)
    OLED_Init                                0x08001c19   Thumb Code   232  oled.o(i.OLED_Init)
    OLED_Set_Pos                             0x08001d01   Thumb Code    40  oled.o(i.OLED_Set_Pos)
    OLED_Show_Char                           0x08001d29   Thumb Code   154  oled.o(i.OLED_Show_Char)
    OLED_Show_Float                          0x08001dcd   Thumb Code   186  oled.o(i.OLED_Show_Float)
    OLED_Show_Int                            0x08001e87   Thumb Code   164  oled.o(i.OLED_Show_Int)
    OLED_Show_String                         0x08001f2b   Thumb Code    54  oled.o(i.OLED_Show_String)
    OLED_Show_Uint                           0x08001f61   Thumb Code   136  oled.o(i.OLED_Show_Uint)
    PendSV_Handler                           0x080020ad   Thumb Code     2  stm32f10x_it.o(i.PendSV_Handler)
    RCC_APB1PeriphClockCmd                   0x080020b1   Thumb Code    26  stm32f10x_rcc.o(i.RCC_APB1PeriphClockCmd)
    RCC_APB2PeriphClockCmd                   0x080020d1   Thumb Code    26  stm32f10x_rcc.o(i.RCC_APB2PeriphClockCmd)
    RCC_GetClocksFreq                        0x080020f1   Thumb Code   192  stm32f10x_rcc.o(i.RCC_GetClocksFreq)
    SVC_Handler                              0x080021c5   Thumb Code     2  stm32f10x_it.o(i.SVC_Handler)
    Set_Pwm                                  0x080022b1   Thumb Code   102  pwm.o(i.Set_Pwm)
    SysTick_Delay_ms                         0x08002379   Thumb Code    54  systick.o(i.SysTick_Delay_ms)
    SysTick_Delay_us                         0x080023b5   Thumb Code    54  systick.o(i.SysTick_Delay_us)
    SysTick_Handler                          0x080023eb   Thumb Code     2  stm32f10x_it.o(i.SysTick_Handler)
    SystemInit                               0x080023ed   Thumb Code    78  system_stm32f10x.o(i.SystemInit)
    Systime_Init                             0x0800244d   Thumb Code    98  systime.o(i.Systime_Init)
    TIM1_PWM_Init                            0x080024b5   Thumb Code   160  pwm.o(i.TIM1_PWM_Init)
    TIM3_IRQHandler                          0x0800255d   Thumb Code    26  systime.o(i.TIM3_IRQHandler)
    TIM_ARRPreloadConfig                     0x0800257d   Thumb Code    24  stm32f10x_tim.o(i.TIM_ARRPreloadConfig)
    TIM_ClearITPendingBit                    0x08002595   Thumb Code     6  stm32f10x_tim.o(i.TIM_ClearITPendingBit)
    TIM_Cmd                                  0x0800259b   Thumb Code    24  stm32f10x_tim.o(i.TIM_Cmd)
    TIM_CtrlPWMOutputs                       0x080025b3   Thumb Code    30  stm32f10x_tim.o(i.TIM_CtrlPWMOutputs)
    TIM_GetITStatus                          0x080025d1   Thumb Code    34  stm32f10x_tim.o(i.TIM_GetITStatus)
    TIM_ITConfig                             0x080025f3   Thumb Code    18  stm32f10x_tim.o(i.TIM_ITConfig)
    TIM_OC1Init                              0x08002605   Thumb Code   132  stm32f10x_tim.o(i.TIM_OC1Init)
    TIM_OC1PreloadConfig                     0x0800269d   Thumb Code    18  stm32f10x_tim.o(i.TIM_OC1PreloadConfig)
    TIM_OC4Init                              0x080026b1   Thumb Code   114  stm32f10x_tim.o(i.TIM_OC4Init)
    TIM_OC4PreloadConfig                     0x0800272d   Thumb Code    26  stm32f10x_tim.o(i.TIM_OC4PreloadConfig)
    TIM_TimeBaseInit                         0x08002749   Thumb Code   122  stm32f10x_tim.o(i.TIM_TimeBaseInit)
    TurnLeft                                 0x080027ed   Thumb Code   220  loop.o(i.TurnLeft)
    TurnLeft80                               0x080028e9   Thumb Code   206  loop.o(i.TurnLeft80)
    TurnNum                                  0x080029d9   Thumb Code   216  loop.o(i.TurnNum)
    TurnRight                                0x08002acd   Thumb Code   206  loop.o(i.TurnRight)
    USART1_IRQHandler                        0x08002bb9   Thumb Code    28  usart.o(i.USART1_IRQHandler)
    USART3_IRQHandler                        0x08002bdd   Thumb Code    14  usart1.o(i.USART3_IRQHandler)
    USART_Cmd                                0x08002bf1   Thumb Code    24  stm32f10x_usart.o(i.USART_Cmd)
    USART_GetFlagStatus                      0x08002c09   Thumb Code    26  stm32f10x_usart.o(i.USART_GetFlagStatus)
    USART_GetITStatus                        0x08002c23   Thumb Code    84  stm32f10x_usart.o(i.USART_GetITStatus)
    USART_ITConfig                           0x08002c77   Thumb Code    74  stm32f10x_usart.o(i.USART_ITConfig)
    USART_Init                               0x08002cc1   Thumb Code   210  stm32f10x_usart.o(i.USART_Init)
    USART_ReceiveData                        0x08002d99   Thumb Code    10  stm32f10x_usart.o(i.USART_ReceiveData)
    USART_SendByte                           0x08002da3   Thumb Code    16  usart.o(i.USART_SendByte)
    USART_SendData                           0x08002db3   Thumb Code     8  stm32f10x_usart.o(i.USART_SendData)
    UsageFault_Handler                       0x08002dbb   Thumb Code     4  stm32f10x_it.o(i.UsageFault_Handler)
    Usart1_Config                            0x08002dc1   Thumb Code   160  usart1.o(i.Usart1_Config)
    Usart_Config                             0x08002e69   Thumb Code   160  usart.o(i.Usart_Config)
    VL53L0X_CheckAndLoadInterruptSettings    0x08002f11   Thumb Code   126  vl53l0x_api.o(i.VL53L0X_CheckAndLoadInterruptSettings)
    VL53L0X_ClearInterruptMask               0x08002f95   Thumb Code    82  vl53l0x_api.o(i.VL53L0X_ClearInterruptMask)
    VL53L0X_DataInit                         0x08002fe9   Thumb Code   420  vl53l0x_api.o(i.VL53L0X_DataInit)
    VL53L0X_GetDeviceInfo                    0x08003195   Thumb Code    22  vl53l0x_api.o(i.VL53L0X_GetDeviceInfo)
    VL53L0X_GetDeviceMode                    0x080031ab   Thumb Code    10  vl53l0x_api.o(i.VL53L0X_GetDeviceMode)
    VL53L0X_GetDeviceParameters              0x080031b5   Thumb Code   160  vl53l0x_api.o(i.VL53L0X_GetDeviceParameters)
    VL53L0X_GetFractionEnable                0x08003255   Thumb Code    34  vl53l0x_api.o(i.VL53L0X_GetFractionEnable)
    VL53L0X_GetInterMeasurementPeriodMilliSeconds 0x08003277   Thumb Code    62  vl53l0x_api.o(i.VL53L0X_GetInterMeasurementPeriodMilliSeconds)
    VL53L0X_GetInterruptMaskStatus           0x080032b5   Thumb Code    48  vl53l0x_api.o(i.VL53L0X_GetInterruptMaskStatus)
    VL53L0X_GetInterruptThresholds           0x080032e5   Thumb Code    66  vl53l0x_api.o(i.VL53L0X_GetInterruptThresholds)
    VL53L0X_GetLimitCheckEnable              0x08003327   Thumb Code    28  vl53l0x_api.o(i.VL53L0X_GetLimitCheckEnable)
    VL53L0X_GetLimitCheckValue               0x08003343   Thumb Code   182  vl53l0x_api.o(i.VL53L0X_GetLimitCheckValue)
    VL53L0X_GetMeasurementDataReady          0x080033f9   Thumb Code    86  vl53l0x_api.o(i.VL53L0X_GetMeasurementDataReady)
    VL53L0X_GetMeasurementTimingBudgetMicroSeconds 0x0800344f   Thumb Code    22  vl53l0x_api.o(i.VL53L0X_GetMeasurementTimingBudgetMicroSeconds)
    VL53L0X_GetOffsetCalibrationDataMicroMeter 0x08003465   Thumb Code    22  vl53l0x_api.o(i.VL53L0X_GetOffsetCalibrationDataMicroMeter)
    VL53L0X_GetPalErrorString                0x0800347b   Thumb Code    22  vl53l0x_api.o(i.VL53L0X_GetPalErrorString)
    VL53L0X_GetRangeStatusString             0x08003491   Thumb Code    22  vl53l0x_api.o(i.VL53L0X_GetRangeStatusString)
    VL53L0X_GetRangingMeasurementData        0x080034a7   Thumb Code   366  vl53l0x_api.o(i.VL53L0X_GetRangingMeasurementData)
    VL53L0X_GetSequenceStepEnables           0x08003615   Thumb Code   118  vl53l0x_api.o(i.VL53L0X_GetSequenceStepEnables)
    VL53L0X_GetVcselPulsePeriod              0x0800368b   Thumb Code    30  vl53l0x_api.o(i.VL53L0X_GetVcselPulsePeriod)
    VL53L0X_GetWrapAroundCheckEnable         0x080036a9   Thumb Code    62  vl53l0x_api.o(i.VL53L0X_GetWrapAroundCheckEnable)
    VL53L0X_GetXTalkCompensationEnable       0x080036e7   Thumb Code    12  vl53l0x_api.o(i.VL53L0X_GetXTalkCompensationEnable)
    VL53L0X_GetXTalkCompensationRateMegaCps  0x080036f3   Thumb Code    56  vl53l0x_api.o(i.VL53L0X_GetXTalkCompensationRateMegaCps)
    VL53L0X_PerformRefCalibration            0x0800372b   Thumb Code    32  vl53l0x_api.o(i.VL53L0X_PerformRefCalibration)
    VL53L0X_PerformRefSpadManagement         0x0800374b   Thumb Code    30  vl53l0x_api.o(i.VL53L0X_PerformRefSpadManagement)
    VL53L0X_PerformSingleMeasurement         0x08003769   Thumb Code    60  vl53l0x_api.o(i.VL53L0X_PerformSingleMeasurement)
    VL53L0X_PerformSingleRangingMeasurement  0x080037a5   Thumb Code    56  vl53l0x_api.o(i.VL53L0X_PerformSingleRangingMeasurement)
    VL53L0X_PollingDelay                     0x080037dd   Thumb Code    26  vl53l0x_platform.o(i.VL53L0X_PollingDelay)
    VL53L0X_RdByte                           0x080037f7   Thumb Code    44  vl53l0x_platform.o(i.VL53L0X_RdByte)
    VL53L0X_RdDWord                          0x08003823   Thumb Code    44  vl53l0x_platform.o(i.VL53L0X_RdDWord)
    VL53L0X_RdWord                           0x0800384f   Thumb Code    44  vl53l0x_platform.o(i.VL53L0X_RdWord)
    VL53L0X_ReadMulti                        0x0800387b   Thumb Code    54  vl53l0x_platform.o(i.VL53L0X_ReadMulti)
    VL53L0X_SetDeviceAddress                 0x080038b1   Thumb Code    36  vl53l0x_api.o(i.VL53L0X_SetDeviceAddress)
    VL53L0X_SetDeviceMode                    0x080038d5   Thumb Code    50  vl53l0x_api.o(i.VL53L0X_SetDeviceMode)
    VL53L0X_SetGpioConfig                    0x08003907   Thumb Code   358  vl53l0x_api.o(i.VL53L0X_SetGpioConfig)
    VL53L0X_SetLimitCheckEnable              0x08003a6d   Thumb Code   194  vl53l0x_api.o(i.VL53L0X_SetLimitCheckEnable)
    VL53L0X_SetLimitCheckValue               0x08003b2f   Thumb Code   118  vl53l0x_api.o(i.VL53L0X_SetLimitCheckValue)
    VL53L0X_SetMeasurementTimingBudgetMicroSeconds 0x08003ba5   Thumb Code    22  vl53l0x_api.o(i.VL53L0X_SetMeasurementTimingBudgetMicroSeconds)
    VL53L0X_SetSequenceStepEnable            0x08003bbb   Thumb Code   196  vl53l0x_api.o(i.VL53L0X_SetSequenceStepEnable)
    VL53L0X_SetVcselPulsePeriod              0x08003c7f   Thumb Code    30  vl53l0x_api.o(i.VL53L0X_SetVcselPulsePeriod)
    VL53L0X_StartMeasurement                 0x08003c9d   Thumb Code   268  vl53l0x_api.o(i.VL53L0X_StartMeasurement)
    VL53L0X_StaticInit                       0x08003da9   Thumb Code   410  vl53l0x_api.o(i.VL53L0X_StaticInit)
    VL53L0X_UpdateByte                       0x08003f49   Thumb Code    82  vl53l0x_platform.o(i.VL53L0X_UpdateByte)
    VL53L0X_WrByte                           0x08003f9b   Thumb Code    44  vl53l0x_platform.o(i.VL53L0X_WrByte)
    VL53L0X_WrWord                           0x08003fc7   Thumb Code    44  vl53l0x_platform.o(i.VL53L0X_WrWord)
    VL53L0X_WriteMulti                       0x08003ff3   Thumb Code    60  vl53l0x_platform.o(i.VL53L0X_WriteMulti)
    VL53L0X_calc_dmax                        0x08004031   Thumb Code   390  vl53l0x_api_core.o(i.VL53L0X_calc_dmax)
    VL53L0X_calc_macro_period_ps             0x080041bd   Thumb Code    22  vl53l0x_api_core.o(i.VL53L0X_calc_macro_period_ps)
    VL53L0X_calc_sigma_estimate              0x080041d5   Thumb Code   772  vl53l0x_api_core.o(i.VL53L0X_calc_sigma_estimate)
    VL53L0X_calc_timeout_mclks               0x080044e5   Thumb Code    52  vl53l0x_api_core.o(i.VL53L0X_calc_timeout_mclks)
    VL53L0X_calc_timeout_us                  0x08004519   Thumb Code    52  vl53l0x_api_core.o(i.VL53L0X_calc_timeout_us)
    VL53L0X_check_part_used                  0x0800454d   Thumb Code    74  vl53l0x_api_strings.o(i.VL53L0X_check_part_used)
    VL53L0X_decode_timeout                   0x0800459d   Thumb Code    14  vl53l0x_api_core.o(i.VL53L0X_decode_timeout)
    VL53L0X_decode_vcsel_period              0x080045ab   Thumb Code    12  vl53l0x_api_core.o(i.VL53L0X_decode_vcsel_period)
    VL53L0X_device_read_strobe               0x080045b7   Thumb Code    82  vl53l0x_api_core.o(i.VL53L0X_device_read_strobe)
    VL53L0X_encode_timeout                   0x08004609   Thumb Code    40  vl53l0x_api_core.o(i.VL53L0X_encode_timeout)
    VL53L0X_encode_vcsel_period              0x08004631   Thumb Code    14  vl53l0x_api_core.o(i.VL53L0X_encode_vcsel_period)
    VL53L0X_get_device_info                  0x08004641   Thumb Code   152  vl53l0x_api_strings.o(i.VL53L0X_get_device_info)
    VL53L0X_get_info_from_device             0x0800471d   Thumb Code  1354  vl53l0x_api_core.o(i.VL53L0X_get_info_from_device)
    VL53L0X_get_measurement_timing_budget_micro_seconds 0x08004c67   Thumb Code   238  vl53l0x_api_core.o(i.VL53L0X_get_measurement_timing_budget_micro_seconds)
    VL53L0X_get_offset_calibration_data_micro_meter 0x08004d55   Thumb Code    86  vl53l0x_api_calibration.o(i.VL53L0X_get_offset_calibration_data_micro_meter)
    VL53L0X_get_pal_error_string             0x08004dad   Thumb Code   298  vl53l0x_api_strings.o(i.VL53L0X_get_pal_error_string)
    VL53L0X_get_pal_range_status             0x08005079   Thumb Code   564  vl53l0x_api_core.o(i.VL53L0X_get_pal_range_status)
    VL53L0X_get_range_status_string          0x080052ad   Thumb Code    98  vl53l0x_api_strings.o(i.VL53L0X_get_range_status_string)
    VL53L0X_get_total_signal_rate            0x08005381   Thumb Code    40  vl53l0x_api_core.o(i.VL53L0X_get_total_signal_rate)
    VL53L0X_get_total_xtalk_rate             0x080053a9   Thumb Code    58  vl53l0x_api_core.o(i.VL53L0X_get_total_xtalk_rate)
    VL53L0X_get_vcsel_pulse_period           0x080053e3   Thumb Code    70  vl53l0x_api_core.o(i.VL53L0X_get_vcsel_pulse_period)
    VL53L0X_i2c_init                         0x08005429   Thumb Code    46  vl53l0x_i2c.o(i.VL53L0X_i2c_init)
    VL53L0X_isqrt                            0x0800545d   Thumb Code    44  vl53l0x_api_core.o(i.VL53L0X_isqrt)
    VL53L0X_load_tuning_settings             0x08005489   Thumb Code   234  vl53l0x_api_core.o(i.VL53L0X_load_tuning_settings)
    VL53L0X_measurement_poll_for_completion  0x08005573   Thumb Code    66  vl53l0x_api_core.o(i.VL53L0X_measurement_poll_for_completion)
    VL53L0X_perform_phase_calibration        0x080055b5   Thumb Code   124  vl53l0x_api_calibration.o(i.VL53L0X_perform_phase_calibration)
    VL53L0X_perform_ref_calibration          0x08005631   Thumb Code    76  vl53l0x_api_calibration.o(i.VL53L0X_perform_ref_calibration)
    VL53L0X_perform_ref_spad_management      0x0800567d   Thumb Code   658  vl53l0x_api_calibration.o(i.VL53L0X_perform_ref_spad_management)
    VL53L0X_perform_single_ref_calibration   0x0800590f   Thumb Code    64  vl53l0x_api_calibration.o(i.VL53L0X_perform_single_ref_calibration)
    VL53L0X_perform_vhv_calibration          0x0800594f   Thumb Code   126  vl53l0x_api_calibration.o(i.VL53L0X_perform_vhv_calibration)
    VL53L0X_read_byte                        0x080059cd   Thumb Code    32  vl53l0x_i2c.o(i.VL53L0X_read_byte)
    VL53L0X_read_dword                       0x080059ed   Thumb Code    58  vl53l0x_i2c.o(i.VL53L0X_read_dword)
    VL53L0X_read_multi                       0x08005a27   Thumb Code    40  vl53l0x_i2c.o(i.VL53L0X_read_multi)
    VL53L0X_read_word                        0x08005a4f   Thumb Code    42  vl53l0x_i2c.o(i.VL53L0X_read_word)
    VL53L0X_ref_calibration_io               0x08005a79   Thumb Code   176  vl53l0x_api_calibration.o(i.VL53L0X_ref_calibration_io)
    VL53L0X_set_measurement_timing_budget_micro_seconds 0x08005b29   Thumb Code   294  vl53l0x_api_core.o(i.VL53L0X_set_measurement_timing_budget_micro_seconds)
    VL53L0X_set_reference_spads              0x08005c4f   Thumb Code   194  vl53l0x_api_calibration.o(i.VL53L0X_set_reference_spads)
    VL53L0X_set_vcsel_pulse_period           0x08005d11   Thumb Code   766  vl53l0x_api_core.o(i.VL53L0X_set_vcsel_pulse_period)
    VL53L0X_write_byte                       0x0800600f   Thumb Code    26  vl53l0x_i2c.o(i.VL53L0X_write_byte)
    VL53L0X_write_multi                      0x08006029   Thumb Code    40  vl53l0x_i2c.o(i.VL53L0X_write_multi)
    VL53L0X_write_word                       0x08006051   Thumb Code    86  vl53l0x_i2c.o(i.VL53L0X_write_word)
    VL_IIC_Ack                               0x080060a9   Thumb Code    66  vl53l0x_i2c.o(i.VL_IIC_Ack)
    VL_IIC_NAck                              0x080060f9   Thumb Code    66  vl53l0x_i2c.o(i.VL_IIC_NAck)
    VL_IIC_Read_Byte                         0x08006149   Thumb Code   112  vl53l0x_i2c.o(i.VL_IIC_Read_Byte)
    VL_IIC_Read_nByte                        0x080061c5   Thumb Code   110  vl53l0x_i2c.o(i.VL_IIC_Read_nByte)
    VL_IIC_Send_Byte                         0x08006235   Thumb Code   104  vl53l0x_i2c.o(i.VL_IIC_Send_Byte)
    VL_IIC_Start                             0x080062a9   Thumb Code    64  vl53l0x_i2c.o(i.VL_IIC_Start)
    VL_IIC_Stop                              0x080062f5   Thumb Code    62  vl53l0x_i2c.o(i.VL_IIC_Stop)
    VL_IIC_Wait_Ack                          0x08006341   Thumb Code    86  vl53l0x_i2c.o(i.VL_IIC_Wait_Ack)
    VL_IIC_Write_nByte                       0x080063a5   Thumb Code    80  vl53l0x_i2c.o(i.VL_IIC_Write_nByte)
    __0printf$8                              0x080063f5   Thumb Code    22  printf8.o(i.__0printf$8)
    __1printf$8                              0x080063f5   Thumb Code     0  printf8.o(i.__0printf$8)
    __2printf                                0x080063f5   Thumb Code     0  printf8.o(i.__0printf$8)
    __ARM_fpclassify                         0x08006415   Thumb Code    40  fpclassify.o(i.__ARM_fpclassify)
    __kernel_poly                            0x0800643d   Thumb Code   170  poly.o(i.__kernel_poly)
    __mathlib_dbl_infnan                     0x080064e7   Thumb Code     6  dunder.o(i.__mathlib_dbl_infnan)
    __mathlib_dbl_infnan2                    0x080064ed   Thumb Code     4  dunder.o(i.__mathlib_dbl_infnan2)
    __mathlib_dbl_invalid                    0x080064f1   Thumb Code    12  dunder.o(i.__mathlib_dbl_invalid)
    __mathlib_dbl_underflow                  0x080064fd   Thumb Code    10  dunder.o(i.__mathlib_dbl_underflow)
    __scatterload_copy                       0x0800650d   Thumb Code    14  handlers.o(i.__scatterload_copy)
    __scatterload_null                       0x0800651b   Thumb Code     2  handlers.o(i.__scatterload_null)
    __scatterload_zeroinit                   0x0800651d   Thumb Code    14  handlers.o(i.__scatterload_zeroinit)
    __set_errno                              0x0800652d   Thumb Code     6  errno.o(i.__set_errno)
    asin                                     0x08006a49   Thumb Code   572  asin.o(i.asin)
    atan                                     0x08006cb9   Thumb Code   474  atan.o(i.atan)
    atan2                                    0x08006ed9   Thumb Code   346  atan2.o(i.atan2)
    dmp_enable_6x_lp_quat                    0x080070bd   Thumb Code    60  inv_mpu_dmp_motion_driver.o(i.dmp_enable_6x_lp_quat)
    dmp_enable_feature                       0x080070f9   Thumb Code   530  inv_mpu_dmp_motion_driver.o(i.dmp_enable_feature)
    dmp_enable_gyro_cal                      0x08007315   Thumb Code    62  inv_mpu_dmp_motion_driver.o(i.dmp_enable_gyro_cal)
    dmp_enable_lp_quat                       0x0800736d   Thumb Code    60  inv_mpu_dmp_motion_driver.o(i.dmp_enable_lp_quat)
    dmp_load_motion_driver_firmware          0x080073a9   Thumb Code    20  inv_mpu_dmp_motion_driver.o(i.dmp_load_motion_driver_firmware)
    dmp_read_fifo                            0x080073c1   Thumb Code   456  inv_mpu_dmp_motion_driver.o(i.dmp_read_fifo)
    dmp_set_accel_bias                       0x0800758d   Thumb Code   300  inv_mpu_dmp_motion_driver.o(i.dmp_set_accel_bias)
    dmp_set_fifo_rate                        0x080076bd   Thumb Code    96  inv_mpu_dmp_motion_driver.o(i.dmp_set_fifo_rate)
    dmp_set_gyro_bias                        0x0800772d   Thumb Code   294  inv_mpu_dmp_motion_driver.o(i.dmp_set_gyro_bias)
    dmp_set_orientation                      0x0800785d   Thumb Code   290  inv_mpu_dmp_motion_driver.o(i.dmp_set_orientation)
    dmp_set_shake_reject_thresh              0x08007995   Thumb Code    56  inv_mpu_dmp_motion_driver.o(i.dmp_set_shake_reject_thresh)
    dmp_set_shake_reject_time                0x080079cd   Thumb Code    38  inv_mpu_dmp_motion_driver.o(i.dmp_set_shake_reject_time)
    dmp_set_shake_reject_timeout             0x080079f3   Thumb Code    38  inv_mpu_dmp_motion_driver.o(i.dmp_set_shake_reject_timeout)
    dmp_set_tap_axes                         0x08007a19   Thumb Code    70  inv_mpu_dmp_motion_driver.o(i.dmp_set_tap_axes)
    dmp_set_tap_count                        0x08007a5f   Thumb Code    38  inv_mpu_dmp_motion_driver.o(i.dmp_set_tap_count)
    dmp_set_tap_thresh                       0x08007a85   Thumb Code   396  inv_mpu_dmp_motion_driver.o(i.dmp_set_tap_thresh)
    dmp_set_tap_time                         0x08007c25   Thumb Code    38  inv_mpu_dmp_motion_driver.o(i.dmp_set_tap_time)
    dmp_set_tap_time_multi                   0x08007c4b   Thumb Code    38  inv_mpu_dmp_motion_driver.o(i.dmp_set_tap_time_multi)
    enable_ref_spads                         0x08007c71   Thumb Code   172  vl53l0x_api_calibration.o(i.enable_ref_spads)
    enable_spad_bit                          0x08007d1d   Thumb Code    50  vl53l0x_api_calibration.o(i.enable_spad_bit)
    fputc                                    0x08007d51   Thumb Code    32  usart.o(i.fputc)
    get_next_good_spad                       0x08007e29   Thumb Code   104  vl53l0x_api_calibration.o(i.get_next_good_spad)
    get_ref_spad_map                         0x08007e91   Thumb Code    24  vl53l0x_api_calibration.o(i.get_ref_spad_map)
    get_sequence_step_timeout                0x08007ea9   Thumb Code   290  vl53l0x_api_core.o(i.get_sequence_step_timeout)
    inv_orientation_matrix_to_scalar         0x08008555   Thumb Code    40  inv_mpu.o(i.inv_orientation_matrix_to_scalar)
    inv_row_2_scale                          0x0800857d   Thumb Code    78  inv_mpu.o(i.inv_row_2_scale)
    is_aperture                              0x080085cd   Thumb Code    18  vl53l0x_api_calibration.o(i.is_aperture)
    main                                     0x080085e5   Thumb Code  2374  main.o(i.main)
    mget_ms                                  0x08008f3d   Thumb Code     2  inv_mpu.o(i.mget_ms)
    mpu_configure_fifo                       0x08008f41   Thumb Code   106  inv_mpu.o(i.mpu_configure_fifo)
    mpu_dmp_get_data                         0x08008fb1   Thumb Code   544  inv_mpu.o(i.mpu_dmp_get_data)
    mpu_dmp_init                             0x080091d5   Thumb Code   154  inv_mpu.o(i.mpu_dmp_init)
    mpu_get_accel_fsr                        0x08009275   Thumb Code    72  inv_mpu.o(i.mpu_get_accel_fsr)
    mpu_get_accel_sens                       0x080092c1   Thumb Code    78  inv_mpu.o(i.mpu_get_accel_sens)
    mpu_get_fifo_config                      0x08009315   Thumb Code    12  inv_mpu.o(i.mpu_get_fifo_config)
    mpu_get_gyro_fsr                         0x08009325   Thumb Code    64  inv_mpu.o(i.mpu_get_gyro_fsr)
    mpu_get_gyro_sens                        0x08009369   Thumb Code    58  inv_mpu.o(i.mpu_get_gyro_sens)
    mpu_get_lpf                              0x080093b9   Thumb Code    74  inv_mpu.o(i.mpu_get_lpf)
    mpu_get_sample_rate                      0x08009409   Thumb Code    26  inv_mpu.o(i.mpu_get_sample_rate)
    mpu_init                                 0x08009429   Thumb Code   416  inv_mpu.o(i.mpu_init)
    mpu_load_firmware                        0x08009619   Thumb Code   180  inv_mpu.o(i.mpu_load_firmware)
    mpu_lp_accel_mode                        0x080096d1   Thumb Code   218  inv_mpu.o(i.mpu_lp_accel_mode)
    mpu_read_fifo_stream                     0x080097b1   Thumb Code   186  inv_mpu.o(i.mpu_read_fifo_stream)
    mpu_read_mem                             0x08009871   Thumb Code   122  inv_mpu.o(i.mpu_read_mem)
    mpu_reset_fifo                           0x080098f1   Thumb Code   450  inv_mpu.o(i.mpu_reset_fifo)
    mpu_run_self_test                        0x08009ab9   Thumb Code   278  inv_mpu.o(i.mpu_run_self_test)
    mpu_set_accel_fsr                        0x08009bd5   Thumb Code   126  inv_mpu.o(i.mpu_set_accel_fsr)
    mpu_set_bypass                           0x08009c59   Thumb Code   328  inv_mpu.o(i.mpu_set_bypass)
    mpu_set_dmp_state                        0x08009da5   Thumb Code   138  inv_mpu.o(i.mpu_set_dmp_state)
    mpu_set_gyro_fsr                         0x08009e35   Thumb Code   132  inv_mpu.o(i.mpu_set_gyro_fsr)
    mpu_set_int_latched                      0x08009ebd   Thumb Code   102  inv_mpu.o(i.mpu_set_int_latched)
    mpu_set_lpf                              0x08009f29   Thumb Code   126  inv_mpu.o(i.mpu_set_lpf)
    mpu_set_sample_rate                      0x08009fad   Thumb Code   152  inv_mpu.o(i.mpu_set_sample_rate)
    mpu_set_sensors                          0x0800a049   Thumb Code   202  inv_mpu.o(i.mpu_set_sensors)
    mpu_write_mem                            0x0800a119   Thumb Code   122  inv_mpu.o(i.mpu_write_mem)
    myabs                                    0x0800a199   Thumb Code    14  pwm.o(i.myabs)
    perform_ref_signal_measurement           0x0800a1bd   Thumb Code   110  vl53l0x_api_calibration.o(i.perform_ref_signal_measurement)
    print_pal_error                          0x0800a22d   Thumb Code    28  vl53l0x.o(i.print_pal_error)
    run_self_test                            0x0800a261   Thumb Code   148  inv_mpu.o(i.run_self_test)
    sequence_step_enabled                    0x0800a2f5   Thumb Code    72  vl53l0x_api.o(i.sequence_step_enabled)
    set_ref_spad_map                         0x0800a3cd   Thumb Code    24  vl53l0x_api_calibration.o(i.set_ref_spad_map)
    set_sequence_step_timeout                0x0800a3e5   Thumb Code   306  vl53l0x_api_core.o(i.set_sequence_step_timeout)
    sqrt                                     0x0800a517   Thumb Code    76  sqrt.o(i.sqrt)
    vl53l0x_Addr_set                         0x0800a565   Thumb Code   150  vl53l0x.o(i.vl53l0x_Addr_set)
    vl53l0x_init                             0x0800a609   Thumb Code   160  vl53l0x.o(i.vl53l0x_init)
    vl53l0x_reset                            0x0800a6bd   Thumb Code    56  vl53l0x.o(i.vl53l0x_reset)
    vl53l0x_set_mode                         0x0800a6fd   Thumb Code   298  vl53l0x_gen.o(i.vl53l0x_set_mode)
    vl53l0x_start_single_test                0x0800a82d   Thumb Code    58  vl53l0x_gen.o(i.vl53l0x_start_single_test)
    F6x8                                     0x0800a86c   Data         552  oled.o(.constdata)
    F8X16                                    0x0800aa94   Data        1520  oled.o(.constdata)
    reg                                      0x0800b084   Data          27  inv_mpu.o(.constdata)
    hw                                       0x0800b0a0   Data          12  inv_mpu.o(.constdata)
    test                                     0x0800b0ac   Data          40  inv_mpu.o(.constdata)
    __mathlib_zero                           0x0800bdb8   Data           8  qnan.o(.constdata)
    Region$$Table$$Base                      0x0800be10   Number         0  anon$$obj.o(Region$$Table)
    Region$$Table$$Limit                     0x0800be30   Number         0  anon$$obj.o(Region$$Table)
    ii                                       0x20000014   Data           1  main.o(.data)
    time_count_20us                          0x20000016   Data           2  systime.o(.data)
    time_count_ms                            0x20000018   Data           2  systime.o(.data)
    time_count_s                             0x2000001a   Data           2  systime.o(.data)
    time_count_min                           0x2000001c   Data           2  systime.o(.data)
    time_count_h                             0x2000001e   Data           2  systime.o(.data)
    Step_X                                   0x20000020   Data           1  loop.o(.data)
    Flag_1                                   0x20000021   Data           1  loop.o(.data)
    Flag_2                                   0x20000022   Data           1  loop.o(.data)
    Flag_3                                   0x20000023   Data           1  loop.o(.data)
    Flag_4                                   0x20000024   Data           1  loop.o(.data)
    set_flag                                 0x20000025   Data           1  loop.o(.data)
    menu                                     0x20000026   Data           1  loop.o(.data)
    menu_ko                                  0x20000027   Data           1  loop.o(.data)
    temp                                     0x20000028   Data           2  loop.o(.data)
    pitch                                    0x2000002c   Data           4  loop.o(.data)
    roll                                     0x20000030   Data           4  loop.o(.data)
    yaw                                      0x20000034   Data           4  loop.o(.data)
    aacx                                     0x20000038   Data           2  loop.o(.data)
    aacy                                     0x2000003a   Data           2  loop.o(.data)
    aacz                                     0x2000003c   Data           2  loop.o(.data)
    gyrox                                    0x2000003e   Data           2  loop.o(.data)
    gyroy                                    0x20000040   Data           2  loop.o(.data)
    gyroz                                    0x20000042   Data           2  loop.o(.data)
    left_set                                 0x20000044   Data           4  loop.o(.data)
    right_set                                0x20000048   Data           4  loop.o(.data)
    turn_set                                 0x2000004c   Data           2  loop.o(.data)
    pwm_l                                    0x2000004e   Data           2  loop.o(.data)
    pwm_r                                    0x20000050   Data           2  loop.o(.data)
    speed_l                                  0x20000052   Data           2  loop.o(.data)
    speed_r                                  0x20000054   Data           2  loop.o(.data)
    speed_set                                0x20000056   Data           2  loop.o(.data)
    speed_mea                                0x20000058   Data           2  loop.o(.data)
    menu_pid                                 0x2000005c   Data           4  loop.o(.data)
    spe_kp                                   0x20000060   Data           4  loop.o(.data)
    spe_ki                                   0x20000064   Data           4  loop.o(.data)
    spe_kd                                   0x20000068   Data           4  loop.o(.data)
    tur_kp                                   0x2000006c   Data           4  loop.o(.data)
    tur_ki                                   0x20000070   Data           4  loop.o(.data)
    tur_kd                                   0x20000074   Data           4  loop.o(.data)
    bal_out                                  0x20000078   Data           2  loop.o(.data)
    spe_out                                  0x2000007a   Data           2  loop.o(.data)
    tur_out                                  0x2000007c   Data           2  loop.o(.data)
    data                                     0x2000007e   Data           1  loop.o(.data)
    len                                      0x2000007f   Data           1  loop.o(.data)
    word                                     0x20000080   Data           2  loop.o(.data)
    data1                                    0x20000082   Data           1  loop.o(.data)
    Status                                   0x20000083   Data           1  loop.o(.data)
    mode                                     0x20000084   Data           1  loop.o(.data)
    i                                        0x20000088   Data           4  loop.o(.data)
    TargetYaw                                0x2000008c   Data           4  loop.o(.data)
    YawErr                                   0x20000090   Data           4  loop.o(.data)
    TurnFlag                                 0x20000094   Data           4  loop.o(.data)
    TurnHistory                              0x20000098   Data           4  loop.o(.data)
    BlueTeethFlag                            0x2000009c   Data           4  loop.o(.data)
    LEDFLAG                                  0x200000a0   Data           4  loop.o(.data)
    ChooseSucces                             0x200000a4   Data           4  loop.o(.data)
    Solve                                    0x200000a8   Data           4  loop.o(.data)
    ChooseTimeDuration                       0x200000ac   Data           4  loop.o(.data)
    DrugFlag                                 0x200000b0   Data           4  loop.o(.data)
    MoveTime                                 0x200000b4   Data           4  loop.o(.data)
    MoveSuccess                              0x200000b8   Data           4  loop.o(.data)
    MoveAsk                                  0x200000bc   Data           4  loop.o(.data)
    MotorDuty                                0x200000fc   Data           4  pwm.o(.data)
    TurnDuty                                 0x20000100   Data           4  pwm.o(.data)
    DefaultTuningSettings                    0x20000139   Data         243  vl53l0x_api.o(.data)
    InterruptThresholdSettings               0x2000022c   Data         438  vl53l0x_api.o(.data)
    refArrayQuadrants                        0x200003e4   Data          16  vl53l0x_api_calibration.o(.data)
    AjustOK                                  0x200003f4   Data           1  vl53l0x.o(.data)
    Mode_data                                0x200003f5   Data          56  vl53l0x.o(.data)
    AlarmModes                               0x20000430   Data          12  vl53l0x_it.o(.data)
    alarm_flag                               0x2000043c   Data           1  vl53l0x_it.o(.data)
    Distance_data                            0x2000043e   Data           2  vl53l0x_gen.o(.data)
    __stdout                                 0x20000440   Data           4  stdout.o(.data)
    spe_pid                                  0x20000448   Data          48  loop.o(.bss)
    tur_pid                                  0x20000478   Data          48  loop.o(.bss)
    vl53l0x_dev                              0x200004d8   Data         352  vl53l0x.o(.bss)
    vl53l0x_dev_info                         0x20000638   Data          99  vl53l0x.o(.bss)
    vl53l0x_data                             0x2000069c   Data          28  vl53l0x_gen.o(.bss)
    __initial_sp                             0x20000ad8   Data           0  startup_stm32f10x_md.o(STACK)



==============================================================================

Memory Map of the image

  Image Entry point : 0x080000ed

  Load Region LR_IROM1 (Base: 0x08000000, Size: 0x0000c278, Max: 0x00010000, ABSOLUTE, COMPRESSED[0x0000c13c])

    Execution Region ER_IROM1 (Exec base: 0x08000000, Load base: 0x08000000, Size: 0x0000be30, Max: 0x00010000, ABSOLUTE)

    Exec Addr    Load Addr    Size         Type   Attr      Idx    E Section Name        Object

    0x08000000   0x08000000   0x000000ec   Data   RO            3    RESET               startup_stm32f10x_md.o
    0x080000ec   0x080000ec   0x00000000   Code   RO         6050  * .ARM.Collect$$$$00000000  mc_w.l(entry.o)
    0x080000ec   0x080000ec   0x00000004   Code   RO         6404    .ARM.Collect$$$$00000001  mc_w.l(entry2.o)
    0x080000f0   0x080000f0   0x00000004   Code   RO         6407    .ARM.Collect$$$$00000004  mc_w.l(entry5.o)
    0x080000f4   0x080000f4   0x00000000   Code   RO         6409    .ARM.Collect$$$$00000008  mc_w.l(entry7b.o)
    0x080000f4   0x080000f4   0x00000000   Code   RO         6411    .ARM.Collect$$$$0000000A  mc_w.l(entry8b.o)
    0x080000f4   0x080000f4   0x00000008   Code   RO         6412    .ARM.Collect$$$$0000000B  mc_w.l(entry9a.o)
    0x080000fc   0x080000fc   0x00000000   Code   RO         6414    .ARM.Collect$$$$0000000D  mc_w.l(entry10a.o)
    0x080000fc   0x080000fc   0x00000000   Code   RO         6416    .ARM.Collect$$$$0000000F  mc_w.l(entry11a.o)
    0x080000fc   0x080000fc   0x00000004   Code   RO         6405    .ARM.Collect$$$$00002712  mc_w.l(entry2.o)
    0x08000100   0x08000100   0x00000024   Code   RO            4    .text               startup_stm32f10x_md.o
    0x08000124   0x08000124   0x00000062   Code   RO         6056    .text               mc_w.l(ldiv.o)
    0x08000186   0x08000186   0x00000024   Code   RO         6058    .text               mc_w.l(memcpya.o)
    0x080001aa   0x080001aa   0x00000024   Code   RO         6060    .text               mc_w.l(memseta.o)
    0x080001ce   0x080001ce   0x0000001a   Code   RO         6062    .text               mc_w.l(memcmp.o)
    0x080001e8   0x080001e8   0x00000012   Code   RO         6064    .text               mc_w.l(strcpy.o)
    0x080001fa   0x080001fa   0x000000b0   Code   RO         6329    .text               mf_w.l(fadd.o)
    0x080002aa   0x080002aa   0x00000064   Code   RO         6331    .text               mf_w.l(fmul.o)
    0x0800030e   0x0800030e   0x0000007c   Code   RO         6333    .text               mf_w.l(fdiv.o)
    0x0800038a   0x0800038a   0x0000014e   Code   RO         6335    .text               mf_w.l(dadd.o)
    0x080004d8   0x080004d8   0x000000e4   Code   RO         6337    .text               mf_w.l(dmul.o)
    0x080005bc   0x080005bc   0x000000de   Code   RO         6339    .text               mf_w.l(ddiv.o)
    0x0800069a   0x0800069a   0x00000012   Code   RO         6341    .text               mf_w.l(fflti.o)
    0x080006ac   0x080006ac   0x0000000a   Code   RO         6343    .text               mf_w.l(ffltui.o)
    0x080006b6   0x080006b6   0x00000022   Code   RO         6345    .text               mf_w.l(dflti.o)
    0x080006d8   0x080006d8   0x0000001a   Code   RO         6347    .text               mf_w.l(dfltui.o)
    0x080006f2   0x080006f2   0x00000032   Code   RO         6349    .text               mf_w.l(ffixi.o)
    0x08000724   0x08000724   0x00000028   Code   RO         6351    .text               mf_w.l(ffixui.o)
    0x0800074c   0x0800074c   0x0000003e   Code   RO         6353    .text               mf_w.l(dfixi.o)
    0x0800078a   0x0800078a   0x00000026   Code   RO         6355    .text               mf_w.l(f2d.o)
    0x080007b0   0x080007b0   0x00000030   Code   RO         6357    .text               mf_w.l(cdcmple.o)
    0x080007e0   0x080007e0   0x00000030   Code   RO         6359    .text               mf_w.l(cdrcmple.o)
    0x08000810   0x08000810   0x00000038   Code   RO         6361    .text               mf_w.l(d2f.o)
    0x08000848   0x08000848   0x00000014   Code   RO         6363    .text               mf_w.l(cfcmple.o)
    0x0800085c   0x0800085c   0x00000014   Code   RO         6365    .text               mf_w.l(cfrcmple.o)
    0x08000870   0x08000870   0x00000062   Code   RO         6421    .text               mc_w.l(uldiv.o)
    0x080008d2   0x080008d2   0x0000001e   Code   RO         6423    .text               mc_w.l(llshl.o)
    0x080008f0   0x080008f0   0x00000020   Code   RO         6425    .text               mc_w.l(llushr.o)
    0x08000910   0x08000910   0x00000024   Code   RO         6427    .text               mc_w.l(llsshr.o)
    0x08000934   0x08000934   0x00000000   Code   RO         6436    .text               mc_w.l(iusefp.o)
    0x08000934   0x08000934   0x0000006e   Code   RO         6437    .text               mf_w.l(fepilogue.o)
    0x080009a2   0x080009a2   0x000000ba   Code   RO         6439    .text               mf_w.l(depilogue.o)
    0x08000a5c   0x08000a5c   0x0000002e   Code   RO         6441    .text               mf_w.l(dscalb.o)
    0x08000a8a   0x08000a8a   0x00000002   PAD
    0x08000a8c   0x08000a8c   0x00000024   Code   RO         6445    .text               mc_w.l(init.o)
    0x08000ab0   0x08000ab0   0x000000a2   Code   RO         6447    .text               mf_w.l(dsqrt.o)
    0x08000b52   0x08000b52   0x00000056   Code   RO         6457    .text               mc_w.l(__dczerorl2.o)
    0x08000ba8   0x08000ba8   0x00000004   Code   RO         3194    i.BusFault_Handler  stm32f10x_it.o
    0x08000bac   0x08000bac   0x00000018   Code   RO         3639    i.Check_Medicine    pwm.o
    0x08000bc4   0x08000bc4   0x00000024   Code   RO         3640    i.Check_Medicine_Init  pwm.o
    0x08000be8   0x08000be8   0x00000270   Code   RO         3373    i.Config            loop.o
    0x08000e58   0x08000e58   0x00000088   Code   RO         3310    i.Count_Time_20us   systime.o
    0x08000ee0   0x08000ee0   0x00000002   Code   RO         3195    i.DebugMon_Handler  stm32f10x_it.o
    0x08000ee2   0x08000ee2   0x00000002   PAD
    0x08000ee4   0x08000ee4   0x000002bc   Code   RO         3374    i.Duty_100ms        loop.o
    0x080011a0   0x080011a0   0x00000058   Code   RO         3375    i.Duty_20ms         loop.o
    0x080011f8   0x080011f8   0x00000002   Code   RO         3376    i.Duty_3ms          loop.o
    0x080011fa   0x080011fa   0x00000002   Code   RO         3377    i.Duty_8ms          loop.o
    0x080011fc   0x080011fc   0x00000014   Code   RO         5761    i.EXTI4_IRQHandler  vl53l0x_it.o
    0x08001210   0x08001210   0x0000000c   Code   RO          939    i.EXTI_ClearITPendingBit  stm32f10x_exti.o
    0x0800121c   0x0800121c   0x00000116   Code   RO         1292    i.GPIO_Init         stm32f10x_gpio.o
    0x08001332   0x08001332   0x00000012   Code   RO         1296    i.GPIO_ReadInputDataBit  stm32f10x_gpio.o
    0x08001344   0x08001344   0x00000004   Code   RO         1299    i.GPIO_ResetBits    stm32f10x_gpio.o
    0x08001348   0x08001348   0x00000004   Code   RO         1300    i.GPIO_SetBits      stm32f10x_gpio.o
    0x0800134c   0x0800134c   0x00000004   Code   RO         3196    i.HardFault_Handler  stm32f10x_it.o
    0x08001350   0x08001350   0x00000060   Code   RO         3512    i.Led_Config        led.o
    0x080013b0   0x080013b0   0x0000011c   Code   RO         3379    i.Loop_Run          loop.o
    0x080014cc   0x080014cc   0x0000005c   Code   RO         3826    i.MPU_Config        mpu_i2c.o
    0x08001528   0x08001528   0x00000054   Code   RO         3827    i.MPU_IIC_Ack       mpu_i2c.o
    0x0800157c   0x0800157c   0x0000000a   Code   RO         3828    i.MPU_IIC_Delay     mpu_i2c.o
    0x08001586   0x08001586   0x00000002   PAD
    0x08001588   0x08001588   0x00000054   Code   RO         3829    i.MPU_IIC_NAck      mpu_i2c.o
    0x080015dc   0x080015dc   0x00000084   Code   RO         3830    i.MPU_IIC_ReadByte  mpu_i2c.o
    0x08001660   0x08001660   0x00000090   Code   RO         3831    i.MPU_IIC_SendByte  mpu_i2c.o
    0x080016f0   0x080016f0   0x00000058   Code   RO         3832    i.MPU_IIC_Start     mpu_i2c.o
    0x08001748   0x08001748   0x00000054   Code   RO         3833    i.MPU_IIC_Stop      mpu_i2c.o
    0x0800179c   0x0800179c   0x00000064   Code   RO         3834    i.MPU_IIC_WaitAck   mpu_i2c.o
    0x08001800   0x08001800   0x0000007a   Code   RO         3916    i.MPU_Init          mpu6050.o
    0x0800187a   0x0800187a   0x0000003a   Code   RO         3835    i.MPU_Read_Byte     mpu_i2c.o
    0x080018b4   0x080018b4   0x00000074   Code   RO         3836    i.MPU_Read_Len      mpu_i2c.o
    0x08001928   0x08001928   0x00000010   Code   RO         3917    i.MPU_Set_Accel_Fsr  mpu6050.o
    0x08001938   0x08001938   0x00000010   Code   RO         3918    i.MPU_Set_Gyro_Fsr  mpu6050.o
    0x08001948   0x08001948   0x0000003a   Code   RO         3919    i.MPU_Set_LPF       mpu6050.o
    0x08001982   0x08001982   0x0000003a   Code   RO         3920    i.MPU_Set_Rate      mpu6050.o
    0x080019bc   0x080019bc   0x00000044   Code   RO         3837    i.MPU_Write_Byte    mpu_i2c.o
    0x08001a00   0x08001a00   0x00000060   Code   RO         3838    i.MPU_Write_Len     mpu_i2c.o
    0x08001a60   0x08001a60   0x00000004   Code   RO         3197    i.MemManage_Handler  stm32f10x_it.o
    0x08001a64   0x08001a64   0x0000004c   Code   RO         3643    i.Motor_Init        pwm.o
    0x08001ab0   0x08001ab0   0x00000002   Code   RO         3198    i.NMI_Handler       stm32f10x_it.o
    0x08001ab2   0x08001ab2   0x00000002   PAD
    0x08001ab4   0x08001ab4   0x00000070   Code   RO          137    i.NVIC_Init         misc.o
    0x08001b24   0x08001b24   0x0000003e   Code   RO         3699    i.OLED_Clear        oled.o
    0x08001b62   0x08001b62   0x00000002   PAD
    0x08001b64   0x08001b64   0x00000054   Code   RO         3700    i.OLED_Config       oled.o
    0x08001bb8   0x08001bb8   0x00000028   Code   RO         3703    i.OLED_IIC_Start    oled.o
    0x08001be0   0x08001be0   0x00000020   Code   RO         3704    i.OLED_IIC_Stop     oled.o
    0x08001c00   0x08001c00   0x00000018   Code   RO         3705    i.OLED_IIC_Wait_Ack  oled.o
    0x08001c18   0x08001c18   0x000000e8   Code   RO         3706    i.OLED_Init         oled.o
    0x08001d00   0x08001d00   0x00000028   Code   RO         3708    i.OLED_Set_Pos      oled.o
    0x08001d28   0x08001d28   0x000000a4   Code   RO         3709    i.OLED_Show_Char    oled.o
    0x08001dcc   0x08001dcc   0x000000ba   Code   RO         3710    i.OLED_Show_Float   oled.o
    0x08001e86   0x08001e86   0x000000a4   Code   RO         3711    i.OLED_Show_Int     oled.o
    0x08001f2a   0x08001f2a   0x00000036   Code   RO         3712    i.OLED_Show_String  oled.o
    0x08001f60   0x08001f60   0x00000088   Code   RO         3713    i.OLED_Show_Uint    oled.o
    0x08001fe8   0x08001fe8   0x00000018   Code   RO         3714    i.OLED_WR_Byte      oled.o
    0x08002000   0x08002000   0x00000054   Code   RO         3715    i.OLED_Write_IIC_Byte  oled.o
    0x08002054   0x08002054   0x0000002c   Code   RO         3716    i.OLED_Write_IIC_Command  oled.o
    0x08002080   0x08002080   0x0000002c   Code   RO         3717    i.OLED_Write_IIC_Data  oled.o
    0x080020ac   0x080020ac   0x00000002   Code   RO         3199    i.PendSV_Handler    stm32f10x_it.o
    0x080020ae   0x080020ae   0x00000002   PAD
    0x080020b0   0x080020b0   0x00000020   Code   RO         1708    i.RCC_APB1PeriphClockCmd  stm32f10x_rcc.o
    0x080020d0   0x080020d0   0x00000020   Code   RO         1710    i.RCC_APB2PeriphClockCmd  stm32f10x_rcc.o
    0x080020f0   0x080020f0   0x000000d4   Code   RO         1718    i.RCC_GetClocksFreq  stm32f10x_rcc.o
    0x080021c4   0x080021c4   0x00000002   Code   RO         3200    i.SVC_Handler       stm32f10x_it.o
    0x080021c6   0x080021c6   0x00000008   Code   RO           24    i.SetSysClock       system_stm32f10x.o
    0x080021ce   0x080021ce   0x00000002   PAD
    0x080021d0   0x080021d0   0x000000e0   Code   RO           25    i.SetSysClockTo72   system_stm32f10x.o
    0x080022b0   0x080022b0   0x00000074   Code   RO         3644    i.Set_Pwm           pwm.o
    0x08002324   0x08002324   0x00000054   Code   RO         3279    i.SysTick_Config    systick.o
    0x08002378   0x08002378   0x0000003c   Code   RO         3280    i.SysTick_Delay_ms  systick.o
    0x080023b4   0x080023b4   0x00000036   Code   RO         3281    i.SysTick_Delay_us  systick.o
    0x080023ea   0x080023ea   0x00000002   Code   RO         3201    i.SysTick_Handler   stm32f10x_it.o
    0x080023ec   0x080023ec   0x00000060   Code   RO           27    i.SystemInit        system_stm32f10x.o
    0x0800244c   0x0800244c   0x00000068   Code   RO         3316    i.Systime_Init      systime.o
    0x080024b4   0x080024b4   0x000000a8   Code   RO         3645    i.TIM1_PWM_Init     pwm.o
    0x0800255c   0x0800255c   0x00000020   Code   RO         3317    i.TIM3_IRQHandler   systime.o
    0x0800257c   0x0800257c   0x00000018   Code   RO         2330    i.TIM_ARRPreloadConfig  stm32f10x_tim.o
    0x08002594   0x08002594   0x00000006   Code   RO         2337    i.TIM_ClearITPendingBit  stm32f10x_tim.o
    0x0800259a   0x0800259a   0x00000018   Code   RO         2342    i.TIM_Cmd           stm32f10x_tim.o
    0x080025b2   0x080025b2   0x0000001e   Code   RO         2344    i.TIM_CtrlPWMOutputs  stm32f10x_tim.o
    0x080025d0   0x080025d0   0x00000022   Code   RO         2363    i.TIM_GetITStatus   stm32f10x_tim.o
    0x080025f2   0x080025f2   0x00000012   Code   RO         2367    i.TIM_ITConfig      stm32f10x_tim.o
    0x08002604   0x08002604   0x00000098   Code   RO         2371    i.TIM_OC1Init       stm32f10x_tim.o
    0x0800269c   0x0800269c   0x00000012   Code   RO         2374    i.TIM_OC1PreloadConfig  stm32f10x_tim.o
    0x080026ae   0x080026ae   0x00000002   PAD
    0x080026b0   0x080026b0   0x0000007c   Code   RO         2386    i.TIM_OC4Init       stm32f10x_tim.o
    0x0800272c   0x0800272c   0x0000001a   Code   RO         2388    i.TIM_OC4PreloadConfig  stm32f10x_tim.o
    0x08002746   0x08002746   0x00000002   PAD
    0x08002748   0x08002748   0x000000a4   Code   RO         2413    i.TIM_TimeBaseInit  stm32f10x_tim.o
    0x080027ec   0x080027ec   0x000000fc   Code   RO         3380    i.TurnLeft          loop.o
    0x080028e8   0x080028e8   0x000000f0   Code   RO         3381    i.TurnLeft80        loop.o
    0x080029d8   0x080029d8   0x000000f4   Code   RO         3382    i.TurnNum           loop.o
    0x08002acc   0x08002acc   0x000000ec   Code   RO         3383    i.TurnRight         loop.o
    0x08002bb8   0x08002bb8   0x00000024   Code   RO         3551    i.USART1_IRQHandler  usart.o
    0x08002bdc   0x08002bdc   0x00000014   Code   RO         3592    i.USART3_IRQHandler  usart1.o
    0x08002bf0   0x08002bf0   0x00000018   Code   RO         2878    i.USART_Cmd         stm32f10x_usart.o
    0x08002c08   0x08002c08   0x0000001a   Code   RO         2881    i.USART_GetFlagStatus  stm32f10x_usart.o
    0x08002c22   0x08002c22   0x00000054   Code   RO         2882    i.USART_GetITStatus  stm32f10x_usart.o
    0x08002c76   0x08002c76   0x0000004a   Code   RO         2884    i.USART_ITConfig    stm32f10x_usart.o
    0x08002cc0   0x08002cc0   0x000000d8   Code   RO         2885    i.USART_Init        stm32f10x_usart.o
    0x08002d98   0x08002d98   0x0000000a   Code   RO         2892    i.USART_ReceiveData  stm32f10x_usart.o
    0x08002da2   0x08002da2   0x00000010   Code   RO         3552    i.USART_SendByte    usart.o
    0x08002db2   0x08002db2   0x00000008   Code   RO         2895    i.USART_SendData    stm32f10x_usart.o
    0x08002dba   0x08002dba   0x00000004   Code   RO         3202    i.UsageFault_Handler  stm32f10x_it.o
    0x08002dbe   0x08002dbe   0x00000002   PAD
    0x08002dc0   0x08002dc0   0x000000a8   Code   RO         3593    i.Usart1_Config     usart1.o
    0x08002e68   0x08002e68   0x000000a8   Code   RO         3553    i.Usart_Config      usart.o
    0x08002f10   0x08002f10   0x00000084   Code   RO         4695    i.VL53L0X_CheckAndLoadInterruptSettings  vl53l0x_api.o
    0x08002f94   0x08002f94   0x00000052   Code   RO         4696    i.VL53L0X_ClearInterruptMask  vl53l0x_api.o
    0x08002fe6   0x08002fe6   0x00000002   PAD
    0x08002fe8   0x08002fe8   0x000001ac   Code   RO         4697    i.VL53L0X_DataInit  vl53l0x_api.o
    0x08003194   0x08003194   0x00000016   Code   RO         4701    i.VL53L0X_GetDeviceInfo  vl53l0x_api.o
    0x080031aa   0x080031aa   0x0000000a   Code   RO         4702    i.VL53L0X_GetDeviceMode  vl53l0x_api.o
    0x080031b4   0x080031b4   0x000000a0   Code   RO         4703    i.VL53L0X_GetDeviceParameters  vl53l0x_api.o
    0x08003254   0x08003254   0x00000022   Code   RO         4705    i.VL53L0X_GetFractionEnable  vl53l0x_api.o
    0x08003276   0x08003276   0x0000003e   Code   RO         4709    i.VL53L0X_GetInterMeasurementPeriodMilliSeconds  vl53l0x_api.o
    0x080032b4   0x080032b4   0x00000030   Code   RO         4710    i.VL53L0X_GetInterruptMaskStatus  vl53l0x_api.o
    0x080032e4   0x080032e4   0x00000042   Code   RO         4711    i.VL53L0X_GetInterruptThresholds  vl53l0x_api.o
    0x08003326   0x08003326   0x0000001c   Code   RO         4713    i.VL53L0X_GetLimitCheckEnable  vl53l0x_api.o
    0x08003342   0x08003342   0x000000b6   Code   RO         4716    i.VL53L0X_GetLimitCheckValue  vl53l0x_api.o
    0x080033f8   0x080033f8   0x00000056   Code   RO         4719    i.VL53L0X_GetMeasurementDataReady  vl53l0x_api.o
    0x0800344e   0x0800344e   0x00000016   Code   RO         4721    i.VL53L0X_GetMeasurementTimingBudgetMicroSeconds  vl53l0x_api.o
    0x08003464   0x08003464   0x00000016   Code   RO         4725    i.VL53L0X_GetOffsetCalibrationDataMicroMeter  vl53l0x_api.o
    0x0800347a   0x0800347a   0x00000016   Code   RO         4726    i.VL53L0X_GetPalErrorString  vl53l0x_api.o
    0x08003490   0x08003490   0x00000016   Code   RO         4732    i.VL53L0X_GetRangeStatusString  vl53l0x_api.o
    0x080034a6   0x080034a6   0x0000016e   Code   RO         4733    i.VL53L0X_GetRangingMeasurementData  vl53l0x_api.o
    0x08003614   0x08003614   0x00000076   Code   RO         4737    i.VL53L0X_GetSequenceStepEnables  vl53l0x_api.o
    0x0800368a   0x0800368a   0x0000001e   Code   RO         4746    i.VL53L0X_GetVcselPulsePeriod  vl53l0x_api.o
    0x080036a8   0x080036a8   0x0000003e   Code   RO         4748    i.VL53L0X_GetWrapAroundCheckEnable  vl53l0x_api.o
    0x080036e6   0x080036e6   0x0000000c   Code   RO         4749    i.VL53L0X_GetXTalkCompensationEnable  vl53l0x_api.o
    0x080036f2   0x080036f2   0x00000038   Code   RO         4750    i.VL53L0X_GetXTalkCompensationRateMegaCps  vl53l0x_api.o
    0x0800372a   0x0800372a   0x00000020   Code   RO         4752    i.VL53L0X_PerformRefCalibration  vl53l0x_api.o
    0x0800374a   0x0800374a   0x0000001e   Code   RO         4753    i.VL53L0X_PerformRefSpadManagement  vl53l0x_api.o
    0x08003768   0x08003768   0x0000003c   Code   RO         4755    i.VL53L0X_PerformSingleMeasurement  vl53l0x_api.o
    0x080037a4   0x080037a4   0x00000038   Code   RO         4756    i.VL53L0X_PerformSingleRangingMeasurement  vl53l0x_api.o
    0x080037dc   0x080037dc   0x0000001a   Code   RO         5962    i.VL53L0X_PollingDelay  vl53l0x_platform.o
    0x080037f6   0x080037f6   0x0000002c   Code   RO         5963    i.VL53L0X_RdByte    vl53l0x_platform.o
    0x08003822   0x08003822   0x0000002c   Code   RO         5964    i.VL53L0X_RdDWord   vl53l0x_platform.o
    0x0800384e   0x0800384e   0x0000002c   Code   RO         5965    i.VL53L0X_RdWord    vl53l0x_platform.o
    0x0800387a   0x0800387a   0x00000036   Code   RO         5966    i.VL53L0X_ReadMulti  vl53l0x_platform.o
    0x080038b0   0x080038b0   0x00000024   Code   RO         4760    i.VL53L0X_SetDeviceAddress  vl53l0x_api.o
    0x080038d4   0x080038d4   0x00000032   Code   RO         4761    i.VL53L0X_SetDeviceMode  vl53l0x_api.o
    0x08003906   0x08003906   0x00000166   Code   RO         4764    i.VL53L0X_SetGpioConfig  vl53l0x_api.o
    0x08003a6c   0x08003a6c   0x000000c2   Code   RO         4769    i.VL53L0X_SetLimitCheckEnable  vl53l0x_api.o
    0x08003b2e   0x08003b2e   0x00000076   Code   RO         4770    i.VL53L0X_SetLimitCheckValue  vl53l0x_api.o
    0x08003ba4   0x08003ba4   0x00000016   Code   RO         4772    i.VL53L0X_SetMeasurementTimingBudgetMicroSeconds  vl53l0x_api.o
    0x08003bba   0x08003bba   0x000000c4   Code   RO         4779    i.VL53L0X_SetSequenceStepEnable  vl53l0x_api.o
    0x08003c7e   0x08003c7e   0x0000001e   Code   RO         4784    i.VL53L0X_SetVcselPulsePeriod  vl53l0x_api.o
    0x08003c9c   0x08003c9c   0x0000010c   Code   RO         4788    i.VL53L0X_StartMeasurement  vl53l0x_api.o
    0x08003da8   0x08003da8   0x000001a0   Code   RO         4789    i.VL53L0X_StaticInit  vl53l0x_api.o
    0x08003f48   0x08003f48   0x00000052   Code   RO         5967    i.VL53L0X_UpdateByte  vl53l0x_platform.o
    0x08003f9a   0x08003f9a   0x0000002c   Code   RO         5968    i.VL53L0X_WrByte    vl53l0x_platform.o
    0x08003fc6   0x08003fc6   0x0000002c   Code   RO         5970    i.VL53L0X_WrWord    vl53l0x_platform.o
    0x08003ff2   0x08003ff2   0x0000003c   Code   RO         5971    i.VL53L0X_WriteMulti  vl53l0x_platform.o
    0x0800402e   0x0800402e   0x00000002   PAD
    0x08004030   0x08004030   0x0000018c   Code   RO         5474    i.VL53L0X_calc_dmax  vl53l0x_api_core.o
    0x080041bc   0x080041bc   0x00000016   Code   RO         5475    i.VL53L0X_calc_macro_period_ps  vl53l0x_api_core.o
    0x080041d2   0x080041d2   0x00000002   PAD
    0x080041d4   0x080041d4   0x00000310   Code   RO         5476    i.VL53L0X_calc_sigma_estimate  vl53l0x_api_core.o
    0x080044e4   0x080044e4   0x00000034   Code   RO         5477    i.VL53L0X_calc_timeout_mclks  vl53l0x_api_core.o
    0x08004518   0x08004518   0x00000034   Code   RO         5478    i.VL53L0X_calc_timeout_us  vl53l0x_api_core.o
    0x0800454c   0x0800454c   0x00000050   Code   RO         5644    i.VL53L0X_check_part_used  vl53l0x_api_strings.o
    0x0800459c   0x0800459c   0x0000000e   Code   RO         5479    i.VL53L0X_decode_timeout  vl53l0x_api_core.o
    0x080045aa   0x080045aa   0x0000000c   Code   RO         5480    i.VL53L0X_decode_vcsel_period  vl53l0x_api_core.o
    0x080045b6   0x080045b6   0x00000052   Code   RO         5481    i.VL53L0X_device_read_strobe  vl53l0x_api_core.o
    0x08004608   0x08004608   0x00000028   Code   RO         5482    i.VL53L0X_encode_timeout  vl53l0x_api_core.o
    0x08004630   0x08004630   0x0000000e   Code   RO         5483    i.VL53L0X_encode_vcsel_period  vl53l0x_api_core.o
    0x0800463e   0x0800463e   0x00000002   PAD
    0x08004640   0x08004640   0x000000dc   Code   RO         5646    i.VL53L0X_get_device_info  vl53l0x_api_strings.o
    0x0800471c   0x0800471c   0x0000054a   Code   RO         5484    i.VL53L0X_get_info_from_device  vl53l0x_api_core.o
    0x08004c66   0x08004c66   0x000000ee   Code   RO         5485    i.VL53L0X_get_measurement_timing_budget_micro_seconds  vl53l0x_api_core.o
    0x08004d54   0x08004d54   0x00000056   Code   RO         5324    i.VL53L0X_get_offset_calibration_data_micro_meter  vl53l0x_api_calibration.o
    0x08004daa   0x08004daa   0x00000002   PAD
    0x08004dac   0x08004dac   0x000002cc   Code   RO         5648    i.VL53L0X_get_pal_error_string  vl53l0x_api_strings.o
    0x08005078   0x08005078   0x00000234   Code   RO         5486    i.VL53L0X_get_pal_range_status  vl53l0x_api_core.o
    0x080052ac   0x080052ac   0x000000d4   Code   RO         5650    i.VL53L0X_get_range_status_string  vl53l0x_api_strings.o
    0x08005380   0x08005380   0x00000028   Code   RO         5487    i.VL53L0X_get_total_signal_rate  vl53l0x_api_core.o
    0x080053a8   0x080053a8   0x0000003a   Code   RO         5488    i.VL53L0X_get_total_xtalk_rate  vl53l0x_api_core.o
    0x080053e2   0x080053e2   0x00000046   Code   RO         5489    i.VL53L0X_get_vcsel_pulse_period  vl53l0x_api_core.o
    0x08005428   0x08005428   0x00000034   Code   RO         5832    i.VL53L0X_i2c_init  vl53l0x_i2c.o
    0x0800545c   0x0800545c   0x0000002c   Code   RO         5490    i.VL53L0X_isqrt     vl53l0x_api_core.o
    0x08005488   0x08005488   0x000000ea   Code   RO         5491    i.VL53L0X_load_tuning_settings  vl53l0x_api_core.o
    0x08005572   0x08005572   0x00000042   Code   RO         5492    i.VL53L0X_measurement_poll_for_completion  vl53l0x_api_core.o
    0x080055b4   0x080055b4   0x0000007c   Code   RO         5328    i.VL53L0X_perform_phase_calibration  vl53l0x_api_calibration.o
    0x08005630   0x08005630   0x0000004c   Code   RO         5329    i.VL53L0X_perform_ref_calibration  vl53l0x_api_calibration.o
    0x0800567c   0x0800567c   0x00000292   Code   RO         5330    i.VL53L0X_perform_ref_spad_management  vl53l0x_api_calibration.o
    0x0800590e   0x0800590e   0x00000040   Code   RO         5331    i.VL53L0X_perform_single_ref_calibration  vl53l0x_api_calibration.o
    0x0800594e   0x0800594e   0x0000007e   Code   RO         5332    i.VL53L0X_perform_vhv_calibration  vl53l0x_api_calibration.o
    0x080059cc   0x080059cc   0x00000020   Code   RO         5833    i.VL53L0X_read_byte  vl53l0x_i2c.o
    0x080059ec   0x080059ec   0x0000003a   Code   RO         5834    i.VL53L0X_read_dword  vl53l0x_i2c.o
    0x08005a26   0x08005a26   0x00000028   Code   RO         5835    i.VL53L0X_read_multi  vl53l0x_i2c.o
    0x08005a4e   0x08005a4e   0x0000002a   Code   RO         5836    i.VL53L0X_read_word  vl53l0x_i2c.o
    0x08005a78   0x08005a78   0x000000b0   Code   RO         5334    i.VL53L0X_ref_calibration_io  vl53l0x_api_calibration.o
    0x08005b28   0x08005b28   0x00000126   Code   RO         5495    i.VL53L0X_set_measurement_timing_budget_micro_seconds  vl53l0x_api_core.o
    0x08005c4e   0x08005c4e   0x000000c2   Code   RO         5337    i.VL53L0X_set_reference_spads  vl53l0x_api_calibration.o
    0x08005d10   0x08005d10   0x000002fe   Code   RO         5496    i.VL53L0X_set_vcsel_pulse_period  vl53l0x_api_core.o
    0x0800600e   0x0800600e   0x0000001a   Code   RO         5837    i.VL53L0X_write_byte  vl53l0x_i2c.o
    0x08006028   0x08006028   0x00000028   Code   RO         5839    i.VL53L0X_write_multi  vl53l0x_i2c.o
    0x08006050   0x08006050   0x00000056   Code   RO         5840    i.VL53L0X_write_word  vl53l0x_i2c.o
    0x080060a6   0x080060a6   0x00000002   PAD
    0x080060a8   0x080060a8   0x00000050   Code   RO         5841    i.VL_IIC_Ack        vl53l0x_i2c.o
    0x080060f8   0x080060f8   0x00000050   Code   RO         5842    i.VL_IIC_NAck       vl53l0x_i2c.o
    0x08006148   0x08006148   0x0000007c   Code   RO         5844    i.VL_IIC_Read_Byte  vl53l0x_i2c.o
    0x080061c4   0x080061c4   0x0000006e   Code   RO         5845    i.VL_IIC_Read_nByte  vl53l0x_i2c.o
    0x08006232   0x08006232   0x00000002   PAD
    0x08006234   0x08006234   0x00000074   Code   RO         5846    i.VL_IIC_Send_Byte  vl53l0x_i2c.o
    0x080062a8   0x080062a8   0x0000004c   Code   RO         5847    i.VL_IIC_Start      vl53l0x_i2c.o
    0x080062f4   0x080062f4   0x0000004c   Code   RO         5848    i.VL_IIC_Stop       vl53l0x_i2c.o
    0x08006340   0x08006340   0x00000064   Code   RO         5849    i.VL_IIC_Wait_Ack   vl53l0x_i2c.o
    0x080063a4   0x080063a4   0x00000050   Code   RO         5851    i.VL_IIC_Write_nByte  vl53l0x_i2c.o
    0x080063f4   0x080063f4   0x00000020   Code   RO         6275    i.__0printf$8       mc_w.l(printf8.o)
    0x08006414   0x08006414   0x00000028   Code   RO         6391    i.__ARM_fpclassify  m_ws.l(fpclassify.o)
    0x0800643c   0x0800643c   0x000000aa   Code   RO         6393    i.__kernel_poly     m_ws.l(poly.o)
    0x080064e6   0x080064e6   0x00000006   Code   RO         6378    i.__mathlib_dbl_infnan  m_ws.l(dunder.o)
    0x080064ec   0x080064ec   0x00000004   Code   RO         6379    i.__mathlib_dbl_infnan2  m_ws.l(dunder.o)
    0x080064f0   0x080064f0   0x0000000c   Code   RO         6380    i.__mathlib_dbl_invalid  m_ws.l(dunder.o)
    0x080064fc   0x080064fc   0x00000010   Code   RO         6383    i.__mathlib_dbl_underflow  m_ws.l(dunder.o)
    0x0800650c   0x0800650c   0x0000000e   Code   RO         6451    i.__scatterload_copy  mc_w.l(handlers.o)
    0x0800651a   0x0800651a   0x00000002   Code   RO         6452    i.__scatterload_null  mc_w.l(handlers.o)
    0x0800651c   0x0800651c   0x0000000e   Code   RO         6453    i.__scatterload_zeroinit  mc_w.l(handlers.o)
    0x0800652a   0x0800652a   0x00000002   PAD
    0x0800652c   0x0800652c   0x0000000c   Code   RO         6431    i.__set_errno       mc_w.l(errno.o)
    0x08006538   0x08006538   0x00000410   Code   RO         6282    i._printf_core      mc_w.l(printf8.o)
    0x08006948   0x08006948   0x00000024   Code   RO         6283    i._printf_post_padding  mc_w.l(printf8.o)
    0x0800696c   0x0800696c   0x0000002e   Code   RO         6284    i._printf_pre_padding  mc_w.l(printf8.o)
    0x0800699a   0x0800699a   0x00000002   PAD
    0x0800699c   0x0800699c   0x000000ac   Code   RO         3971    i.accel_self_test   inv_mpu.o
    0x08006a48   0x08006a48   0x00000270   Code   RO         6033    i.asin              m_ws.l(asin.o)
    0x08006cb8   0x08006cb8   0x00000220   Code   RO         6368    i.atan              m_ws.l(atan.o)
    0x08006ed8   0x08006ed8   0x00000180   Code   RO         6043    i.atan2             m_ws.l(atan2.o)
    0x08007058   0x08007058   0x00000064   Code   RO         4297    i.decode_gesture    inv_mpu_dmp_motion_driver.o
    0x080070bc   0x080070bc   0x0000003c   Code   RO         4298    i.dmp_enable_6x_lp_quat  inv_mpu_dmp_motion_driver.o
    0x080070f8   0x080070f8   0x0000021c   Code   RO         4299    i.dmp_enable_feature  inv_mpu_dmp_motion_driver.o
    0x08007314   0x08007314   0x00000058   Code   RO         4300    i.dmp_enable_gyro_cal  inv_mpu_dmp_motion_driver.o
    0x0800736c   0x0800736c   0x0000003c   Code   RO         4301    i.dmp_enable_lp_quat  inv_mpu_dmp_motion_driver.o
    0x080073a8   0x080073a8   0x00000018   Code   RO         4306    i.dmp_load_motion_driver_firmware  inv_mpu_dmp_motion_driver.o
    0x080073c0   0x080073c0   0x000001cc   Code   RO         4307    i.dmp_read_fifo     inv_mpu_dmp_motion_driver.o
    0x0800758c   0x0800758c   0x00000130   Code   RO         4310    i.dmp_set_accel_bias  inv_mpu_dmp_motion_driver.o
    0x080076bc   0x080076bc   0x00000070   Code   RO         4311    i.dmp_set_fifo_rate  inv_mpu_dmp_motion_driver.o
    0x0800772c   0x0800772c   0x00000130   Code   RO         4312    i.dmp_set_gyro_bias  inv_mpu_dmp_motion_driver.o
    0x0800785c   0x0800785c   0x00000138   Code   RO         4314    i.dmp_set_orientation  inv_mpu_dmp_motion_driver.o
    0x08007994   0x08007994   0x00000038   Code   RO         4317    i.dmp_set_shake_reject_thresh  inv_mpu_dmp_motion_driver.o
    0x080079cc   0x080079cc   0x00000026   Code   RO         4318    i.dmp_set_shake_reject_time  inv_mpu_dmp_motion_driver.o
    0x080079f2   0x080079f2   0x00000026   Code   RO         4319    i.dmp_set_shake_reject_timeout  inv_mpu_dmp_motion_driver.o
    0x08007a18   0x08007a18   0x00000046   Code   RO         4320    i.dmp_set_tap_axes  inv_mpu_dmp_motion_driver.o
    0x08007a5e   0x08007a5e   0x00000026   Code   RO         4321    i.dmp_set_tap_count  inv_mpu_dmp_motion_driver.o
    0x08007a84   0x08007a84   0x000001a0   Code   RO         4322    i.dmp_set_tap_thresh  inv_mpu_dmp_motion_driver.o
    0x08007c24   0x08007c24   0x00000026   Code   RO         4323    i.dmp_set_tap_time  inv_mpu_dmp_motion_driver.o
    0x08007c4a   0x08007c4a   0x00000026   Code   RO         4324    i.dmp_set_tap_time_multi  inv_mpu_dmp_motion_driver.o
    0x08007c70   0x08007c70   0x000000ac   Code   RO         5339    i.enable_ref_spads  vl53l0x_api_calibration.o
    0x08007d1c   0x08007d1c   0x00000032   Code   RO         5340    i.enable_spad_bit   vl53l0x_api_calibration.o
    0x08007d4e   0x08007d4e   0x00000002   PAD
    0x08007d50   0x08007d50   0x00000024   Code   RO         3555    i.fputc             usart.o
    0x08007d74   0x08007d74   0x000000b4   Code   RO         3972    i.get_accel_prod_shift  inv_mpu.o
    0x08007e28   0x08007e28   0x00000068   Code   RO         5341    i.get_next_good_spad  vl53l0x_api_calibration.o
    0x08007e90   0x08007e90   0x00000018   Code   RO         5342    i.get_ref_spad_map  vl53l0x_api_calibration.o
    0x08007ea8   0x08007ea8   0x00000122   Code   RO         5497    i.get_sequence_step_timeout  vl53l0x_api_core.o
    0x08007fca   0x08007fca   0x00000002   PAD
    0x08007fcc   0x08007fcc   0x00000470   Code   RO         3973    i.get_st_biases     inv_mpu.o
    0x0800843c   0x0800843c   0x00000118   Code   RO         3974    i.gyro_self_test    inv_mpu.o
    0x08008554   0x08008554   0x00000028   Code   RO         3975    i.inv_orientation_matrix_to_scalar  inv_mpu.o
    0x0800857c   0x0800857c   0x0000004e   Code   RO         3976    i.inv_row_2_scale   inv_mpu.o
    0x080085ca   0x080085ca   0x00000002   PAD
    0x080085cc   0x080085cc   0x00000018   Code   RO         5343    i.is_aperture       vl53l0x_api_calibration.o
    0x080085e4   0x080085e4   0x00000958   Code   RO         3108    i.main              main.o
    0x08008f3c   0x08008f3c   0x00000002   Code   RO         3977    i.mget_ms           inv_mpu.o
    0x08008f3e   0x08008f3e   0x00000002   PAD
    0x08008f40   0x08008f40   0x00000070   Code   RO         3978    i.mpu_configure_fifo  inv_mpu.o
    0x08008fb0   0x08008fb0   0x00000224   Code   RO         3979    i.mpu_dmp_get_data  inv_mpu.o
    0x080091d4   0x080091d4   0x000000a0   Code   RO         3980    i.mpu_dmp_init      inv_mpu.o
    0x08009274   0x08009274   0x0000004c   Code   RO         3981    i.mpu_get_accel_fsr  inv_mpu.o
    0x080092c0   0x080092c0   0x00000054   Code   RO         3983    i.mpu_get_accel_sens  inv_mpu.o
    0x08009314   0x08009314   0x00000010   Code   RO         3988    i.mpu_get_fifo_config  inv_mpu.o
    0x08009324   0x08009324   0x00000044   Code   RO         3989    i.mpu_get_gyro_fsr  inv_mpu.o
    0x08009368   0x08009368   0x00000050   Code   RO         3991    i.mpu_get_gyro_sens  inv_mpu.o
    0x080093b8   0x080093b8   0x00000050   Code   RO         3993    i.mpu_get_lpf       inv_mpu.o
    0x08009408   0x08009408   0x00000020   Code   RO         3995    i.mpu_get_sample_rate  inv_mpu.o
    0x08009428   0x08009428   0x000001f0   Code   RO         3997    i.mpu_init          inv_mpu.o
    0x08009618   0x08009618   0x000000b8   Code   RO         3998    i.mpu_load_firmware  inv_mpu.o
    0x080096d0   0x080096d0   0x000000e0   Code   RO         3999    i.mpu_lp_accel_mode  inv_mpu.o
    0x080097b0   0x080097b0   0x000000c0   Code   RO         4002    i.mpu_read_fifo_stream  inv_mpu.o
    0x08009870   0x08009870   0x00000080   Code   RO         4003    i.mpu_read_mem      inv_mpu.o
    0x080098f0   0x080098f0   0x000001c8   Code   RO         4006    i.mpu_reset_fifo    inv_mpu.o
    0x08009ab8   0x08009ab8   0x0000011c   Code   RO         4007    i.mpu_run_self_test  inv_mpu.o
    0x08009bd4   0x08009bd4   0x00000084   Code   RO         4009    i.mpu_set_accel_fsr  inv_mpu.o
    0x08009c58   0x08009c58   0x0000014c   Code   RO         4010    i.mpu_set_bypass    inv_mpu.o
    0x08009da4   0x08009da4   0x00000090   Code   RO         4012    i.mpu_set_dmp_state  inv_mpu.o
    0x08009e34   0x08009e34   0x00000088   Code   RO         4013    i.mpu_set_gyro_fsr  inv_mpu.o
    0x08009ebc   0x08009ebc   0x0000006c   Code   RO         4014    i.mpu_set_int_latched  inv_mpu.o
    0x08009f28   0x08009f28   0x00000084   Code   RO         4016    i.mpu_set_lpf       inv_mpu.o
    0x08009fac   0x08009fac   0x0000009c   Code   RO         4017    i.mpu_set_sample_rate  inv_mpu.o
    0x0800a048   0x0800a048   0x000000d0   Code   RO         4018    i.mpu_set_sensors   inv_mpu.o
    0x0800a118   0x0800a118   0x00000080   Code   RO         4019    i.mpu_write_mem     inv_mpu.o
    0x0800a198   0x0800a198   0x0000000e   Code   RO         3646    i.myabs             pwm.o
    0x0800a1a6   0x0800a1a6   0x00000016   Code   RO         3718    i.oled_pow          oled.o
    0x0800a1bc   0x0800a1bc   0x0000006e   Code   RO         5344    i.perform_ref_signal_measurement  vl53l0x_api_calibration.o
    0x0800a22a   0x0800a22a   0x00000002   PAD
    0x0800a22c   0x0800a22c   0x00000034   Code   RO         5704    i.print_pal_error   vl53l0x.o
    0x0800a260   0x0800a260   0x00000094   Code   RO         4020    i.run_self_test     inv_mpu.o
    0x0800a2f4   0x0800a2f4   0x00000048   Code   RO         4793    i.sequence_step_enabled  vl53l0x_api.o
    0x0800a33c   0x0800a33c   0x00000090   Code   RO         4021    i.set_int_enable    inv_mpu.o
    0x0800a3cc   0x0800a3cc   0x00000018   Code   RO         5345    i.set_ref_spad_map  vl53l0x_api_calibration.o
    0x0800a3e4   0x0800a3e4   0x00000132   Code   RO         5498    i.set_sequence_step_timeout  vl53l0x_api_core.o
    0x0800a516   0x0800a516   0x0000004c   Code   RO         6397    i.sqrt              m_ws.l(sqrt.o)
    0x0800a562   0x0800a562   0x00000002   PAD
    0x0800a564   0x0800a564   0x000000a4   Code   RO         5705    i.vl53l0x_Addr_set  vl53l0x.o
    0x0800a608   0x0800a608   0x000000b4   Code   RO         5707    i.vl53l0x_init      vl53l0x.o
    0x0800a6bc   0x0800a6bc   0x00000040   Code   RO         5708    i.vl53l0x_reset     vl53l0x.o
    0x0800a6fc   0x0800a6fc   0x00000130   Code   RO         5793    i.vl53l0x_set_mode  vl53l0x_gen.o
    0x0800a82c   0x0800a82c   0x00000040   Code   RO         5794    i.vl53l0x_start_single_test  vl53l0x_gen.o
    0x0800a86c   0x0800a86c   0x00000818   Data   RO         3719    .constdata          oled.o
    0x0800b084   0x0800b084   0x00000050   Data   RO         4023    .constdata          inv_mpu.o
    0x0800b0d4   0x0800b0d4   0x00000bf6   Data   RO         4326    .constdata          inv_mpu_dmp_motion_driver.o
    0x0800bcca   0x0800bcca   0x00000006   PAD
    0x0800bcd0   0x0800bcd0   0x00000050   Data   RO         6034    .constdata          m_ws.l(asin.o)
    0x0800bd20   0x0800bd20   0x00000098   Data   RO         6369    .constdata          m_ws.l(atan.o)
    0x0800bdb8   0x0800bdb8   0x00000008   Data   RO         6395    .constdata          m_ws.l(qnan.o)
    0x0800bdc0   0x0800bdc0   0x0000004d   Data   RO         4024    .conststring        inv_mpu.o
    0x0800be0d   0x0800be0d   0x00000003   PAD
    0x0800be10   0x0800be10   0x00000020   Data   RO         6449    Region$$Table       anon$$obj.o


    Execution Region RW_IRAM1 (Exec base: 0x20000000, Load base: 0x0800be30, Size: 0x00000ad8, Max: 0x00005000, ABSOLUTE, COMPRESSED[0x0000030c])

    Exec Addr    Load Addr    Size         Type   Attr      Idx    E Section Name        Object

    0x20000000   COMPRESSED   0x00000014   Data   RW         1738    .data               stm32f10x_rcc.o
    0x20000014   COMPRESSED   0x00000001   Data   RW         3109    .data               main.o
    0x20000015   COMPRESSED   0x00000001   PAD
    0x20000016   COMPRESSED   0x0000000a   Data   RW         3318    .data               systime.o
    0x20000020   COMPRESSED   0x000000d8   Data   RW         3386    .data               loop.o
    0x200000f8   COMPRESSED   0x00000001   Data   RW         3556    .data               usart.o
    0x200000f9   COMPRESSED   0x00000003   PAD
    0x200000fc   COMPRESSED   0x00000008   Data   RW         3647    .data               pwm.o
    0x20000104   COMPRESSED   0x00000035   Data   RW         4025    .data               inv_mpu.o
    0x20000139   COMPRESSED   0x000002a9   Data   RW         4794    .data               vl53l0x_api.o
    0x200003e2   COMPRESSED   0x00000002   PAD
    0x200003e4   COMPRESSED   0x00000010   Data   RW         5346    .data               vl53l0x_api_calibration.o
    0x200003f4   COMPRESSED   0x00000039   Data   RW         5710    .data               vl53l0x.o
    0x2000042d   COMPRESSED   0x00000003   PAD
    0x20000430   COMPRESSED   0x0000000d   Data   RW         5764    .data               vl53l0x_it.o
    0x2000043d   COMPRESSED   0x00000001   PAD
    0x2000043e   COMPRESSED   0x00000002   Data   RW         5796    .data               vl53l0x_gen.o
    0x20000440   COMPRESSED   0x00000004   Data   RW         6418    .data               mc_w.l(stdout.o)
    0x20000444   COMPRESSED   0x00000004   Data   RW         6432    .data               mc_w.l(errno.o)
    0x20000448        -       0x00000080   Zero   RW         3385    .bss                loop.o
    0x200004c8        -       0x00000010   Zero   RW         4325    .bss                inv_mpu_dmp_motion_driver.o
    0x200004d8        -       0x000001c3   Zero   RW         5709    .bss                vl53l0x.o
    0x2000069b   COMPRESSED   0x00000001   PAD
    0x2000069c        -       0x0000003c   Zero   RW         5795    .bss                vl53l0x_gen.o
    0x200006d8        -       0x00000400   Zero   RW            1    STACK               startup_stm32f10x_md.o


==============================================================================

Image component sizes


      Code (inc. data)   RO Data    RW Data    ZI Data      Debug   Object Name

         0          0          0          0          0       4500   core_cm3.o
      6876        292        157         53          0      34143   inv_mpu.o
      3096        122       3062          0         16      19738   inv_mpu_dmp_motion_driver.o
        96          4          0          0          0        477   led.o
      2672        560          0        216        128      24025   loop.o
      2392         62          0          1          0       2260   main.o
       112         12          0          0          0       1212   misc.o
       270          0          0          0          0       2735   mpu6050.o
      1156         38          0          0          0       7613   mpu_i2c.o
      1436         30       2072          0          0      10572   oled.o
       434         40          0          8          0       3959   pwm.o
        36          8        236          0       1024        840   startup_stm32f10x_md.o
        12          6          0          0          0        545   stm32f10x_exti.o
       304          0          0          0          0       3916   stm32f10x_gpio.o
        26          0          0          0          0       3694   stm32f10x_it.o
       276         32          0         20          0       4674   stm32f10x_rcc.o
       620         72          0          0          0       7684   stm32f10x_tim.o
       442          6          0          0          0       6497   stm32f10x_usart.o
       328         28          0          0          0     249093   system_stm32f10x.o
       198         14          0          0          0      16725   systick.o
       272         34          0         10          0       1910   systime.o
       256         20          0          1          0       3788   usart.o
       188         14          0          0          0       1128   usart1.o
       460         66          0         57        451       4269   vl53l0x.o
      4010         62          0        681          0      31447   vl53l0x_api.o
      2012          6          0         16          0      15151   vl53l0x_api_calibration.o
      5792         18          0          0          0      27991   vl53l0x_api_core.o
      1228        620          0          0          0       4113   vl53l0x_api_strings.o
       368         12          0          2         60       3116   vl53l0x_gen.o
      1218         98          0          0          0      11486   vl53l0x_i2c.o
        20          4          0         13          0       1331   vl53l0x_it.o
       442          0          0          0          0       7283   vl53l0x_platform.o

    ----------------------------------------------------------------------
     37090       2280       5568       1088       1680     517915   Object Totals
         0          0         32          0          0          0   (incl. Generated)
        42          0          9         10          1          0   (incl. Padding)

    ----------------------------------------------------------------------

      Code (inc. data)   RO Data    RW Data    ZI Data      Debug   Library Member Name

       624         52         80          0          0        168   asin.o
       544         70        152          0          0        124   atan.o
       384         38          0          0          0        144   atan2.o
        38          6          0          0          0        272   dunder.o
        40          0          0          0          0         68   fpclassify.o
       170          0          0          0          0         96   poly.o
         0          0          8          0          0          0   qnan.o
        76          0          0          0          0         84   sqrt.o
        86          0          0          0          0          0   __dczerorl2.o
         0          0          0          0          0          0   entry.o
         0          0          0          0          0          0   entry10a.o
         0          0          0          0          0          0   entry11a.o
         8          4          0          0          0          0   entry2.o
         4          0          0          0          0          0   entry5.o
         0          0          0          0          0          0   entry7b.o
         0          0          0          0          0          0   entry8b.o
         8          4          0          0          0          0   entry9a.o
        12          6          0          4          0         68   errno.o
        30          0          0          0          0          0   handlers.o
        36          8          0          0          0         68   init.o
         0          0          0          0          0          0   iusefp.o
        98          0          0          0          0         84   ldiv.o
        30          0          0          0          0         68   llshl.o
        36          0          0          0          0         68   llsshr.o
        32          0          0          0          0         68   llushr.o
        26          0          0          0          0         80   memcmp.o
        36          0          0          0          0         68   memcpya.o
        36          0          0          0          0        108   memseta.o
      1154         54          0          0          0        352   printf8.o
         0          0          0          4          0          0   stdout.o
        18          0          0          0          0         68   strcpy.o
        98          0          0          0          0         92   uldiv.o
        48          0          0          0          0         68   cdcmple.o
        48          0          0          0          0         68   cdrcmple.o
        20          0          0          0          0         68   cfcmple.o
        20          0          0          0          0         68   cfrcmple.o
        56          0          0          0          0         88   d2f.o
       334          0          0          0          0        148   dadd.o
       222          0          0          0          0        100   ddiv.o
       186          0          0          0          0        176   depilogue.o
        62          0          0          0          0         80   dfixi.o
        34          0          0          0          0         76   dflti.o
        26          0          0          0          0         76   dfltui.o
       228          0          0          0          0         96   dmul.o
        46          0          0          0          0         80   dscalb.o
       162          0          0          0          0        100   dsqrt.o
        38          0          0          0          0         68   f2d.o
       176          0          0          0          0        140   fadd.o
       124          0          0          0          0         88   fdiv.o
       110          0          0          0          0        168   fepilogue.o
        50          0          0          0          0         68   ffixi.o
        40          0          0          0          0         68   ffixui.o
        18          0          0          0          0         68   fflti.o
        10          0          0          0          0         68   ffltui.o
       100          0          0          0          0         76   fmul.o

    ----------------------------------------------------------------------
      5790        242        240          8          0       4252   Library Totals
         8          0          0          0          0          0   (incl. Padding)

    ----------------------------------------------------------------------

      Code (inc. data)   RO Data    RW Data    ZI Data      Debug   Library Name

      1876        166        240          0          0        956   m_ws.l
      1748         76          0          8          0       1192   mc_w.l
      2158          0          0          0          0       2104   mf_w.l

    ----------------------------------------------------------------------
      5790        242        240          8          0       4252   Library Totals

    ----------------------------------------------------------------------

==============================================================================


      Code (inc. data)   RO Data    RW Data    ZI Data      Debug   

     42880       2522       5808       1096       1680     506175   Grand Totals
     42880       2522       5808        780       1680     506175   ELF Image Totals (compressed)
     42880       2522       5808        780          0          0   ROM Totals

==============================================================================

    Total RO  Size (Code + RO Data)                48688 (  47.55kB)
    Total RW  Size (RW Data + ZI Data)              2776 (   2.71kB)
    Total ROM Size (Code + RO Data + RW Data)      49468 (  48.31kB)

==============================================================================

